selftest within_full: {'n_draws': 400, 'max_endpoint_residual': np.float64(3.552713678800501e-15), 'n_grid_points': 1600400, 'n_mismatch': 0}
Loaded 378817 rows from /work/users/w/e/weiyang/hest_replication/results/round5/conformal/W2_ghcp_settings/part2/input/data/acs_data_all50states.csv
After filtering to 1 specified states: 378817 rows
After filtering to foreign-born: 98793 rows
After age filter [25, 54]: 51615 rows
After recent entry filter (YOEP >= 2000): 22893 rows
After labor force filter (hours >= 40): 13707 rows
After requiring non-missing income: 13707 rows
After dropping non-positive income: 13700 rows
After dropping missings in key columns: 12285 rows

Final state counts:
state_abb
CA    12285
Name: count, dtype: int64
cohort rows 12285, PUMAs 265, eligible (>=21) 212
  100/500  2162s
  200/500  4432s
  300/500  6979s
  400/500  9341s
  500/500  11583s
          method   o  alpha  n_puma  n_rep  coverage  coverage_se  finite_n  width_mean_finite  width_median_finite  expected_cov  exact_cov_mean  interval_share
0           GHCP   0    0.1      20    500     0.980     0.006261       500      529652.107565        423123.874967           NaN             NaN             NaN
1           GHCP   2    0.1      20    500     0.974     0.007117       500      425785.442482        348568.484742           NaN             NaN             NaN
2           GHCP   5    0.1      20    500     0.962     0.008551       500      322326.608662        279708.794135           NaN             NaN             NaN
3           GHCP   8    0.1      20    500     0.968     0.007871       500      275813.165409        247615.369963           NaN             NaN             NaN
4           GHCP   9    0.1      20    500     0.960     0.008764       500      255808.418484        233671.742683           NaN             NaN             NaN
5           GHCP  10    0.1      20    500     0.952     0.009560       500      247116.053206        226974.447576           NaN             NaN             NaN
6           GHCP  12    0.1      20    500     0.942     0.010453       500      230778.677586        212918.958306           NaN             NaN             NaN
7           GHCP  15    0.1      20    500     0.940     0.010621       500      200839.388854        193291.508377           NaN             NaN             NaN
8           GHCP  17    0.1      20    500     0.938     0.010785       500      189174.127061        180113.495917           NaN             NaN             NaN
9           GHCP  20    0.1      20    500     0.924     0.011851       500      177246.389569        170166.168118           NaN             NaN             NaN
10           HCP   0    0.1      20    500     0.980     0.006261       500      538323.354798        417224.604656           NaN             NaN             NaN
11           HCP   2    0.1      20    500     0.980     0.006261       500      538323.354798        417224.604656           NaN             NaN             NaN
12           HCP   5    0.1      20    500     0.980     0.006261       500      538323.354798        417224.604656           NaN             NaN             NaN
13           HCP   8    0.1      20    500     0.980     0.006261       500      538323.354798        417224.604656           NaN             NaN             NaN
14           HCP   9    0.1      20    500     0.980     0.006261       500      538323.354798        417224.604656           NaN             NaN             NaN
15           HCP  10    0.1      20    500     0.980     0.006261       500      538323.354798        417224.604656           NaN             NaN             NaN
16           HCP  12    0.1      20    500     0.980     0.006261       500      538323.354798        417224.604656           NaN             NaN             NaN
17           HCP  15    0.1      20    500     0.980     0.006261       500      538323.354798        417224.604656           NaN             NaN             NaN
18           HCP  17    0.1      20    500     0.980     0.006261       500      538323.354798        417224.604656           NaN             NaN             NaN
19           HCP  20    0.1      20    500     0.980     0.006261       500      538323.354798        417224.604656           NaN             NaN             NaN
20        Std-CP   0    0.1      20    500     1.000     0.000000         0                NaN                  NaN           NaN             NaN             NaN
21        Std-CP   2    0.1      20    500     0.900     0.013416        99       92096.767677         55000.000000           NaN             NaN             NaN
22        Std-CP   5    0.1      20    500     0.884     0.014321       203      139408.514286         93286.000000           NaN             NaN             NaN
23        Std-CP   8    0.1      20    500     0.916     0.012405       239      155666.225941        106120.000000           NaN             NaN             NaN
24        Std-CP   9    0.1      20    500     0.918     0.012270       277      175704.518051        116770.000000           NaN             NaN             NaN
25        Std-CP  10    0.1      20    500     0.902     0.013296       297      173621.085791        114857.600000           NaN             NaN             NaN
26        Std-CP  12    0.1      20    500     0.904     0.013175       358      185421.742831        129835.666667           NaN             NaN             NaN
27        Std-CP  15    0.1      20    500     0.908     0.012926       449      221888.386510        142005.142857           NaN             NaN             NaN
28        Std-CP  17    0.1      20    500     0.896     0.013652       500      225546.425600        149675.000000           NaN             NaN             NaN
29        Std-CP  20    0.1      20    500     0.898     0.013535       500      216976.506320        148091.400000           NaN             NaN             NaN
30   within_full   2    0.1      20    500     1.000     0.000000         0                NaN                  NaN      1.000000           1.000             1.0
31   within_full   5    0.1      20    500     1.000     0.000000         0                NaN                  NaN      1.000000           1.000             1.0
32   within_full   8    0.1      20    500     1.000     0.000000         0                NaN                  NaN      1.000000           1.000             1.0
33   within_full   9    0.1      20    500     0.896     0.013652       500      216114.846733        154474.009043      0.900000           0.896             1.0
34   within_full  10    0.1      20    500     0.902     0.013296       500      227585.073517        160783.546386      0.909091           0.902             1.0
35   within_full  12    0.1      20    500     0.922     0.011993       500      249635.952112        171575.187839      0.923077           0.922             1.0
36   within_full  15    0.1      20    500     0.942     0.010453       500      272895.816401        184716.180532      0.937500           0.942             1.0
37   within_full  17    0.1      20    500     0.944     0.010282       500      292251.832738        200325.564009      0.944444           0.944             1.0
38   within_full  20    0.1      20    500     0.906     0.013051       500      175314.670008        146775.020280      0.904762           0.906             1.0
39  within_plain   2    0.1      20    500     1.000     0.000000         0                NaN                  NaN      1.000000             NaN             NaN
40  within_plain   5    0.1      20    500     1.000     0.000000         0                NaN                  NaN      1.000000             NaN             NaN
41  within_plain   8    0.1      20    500     1.000     0.000000         0                NaN                  NaN      1.000000             NaN             NaN
42  within_plain   9    0.1      20    500     0.882     0.014427       500      219870.878372        164912.531942      0.900000             NaN             NaN
43  within_plain  10    0.1      20    500     0.888     0.014104       500      231937.782420        173213.981157      0.909091             NaN             NaN
44  within_plain  12    0.1      20    500     0.904     0.013175       500      254618.747361        183747.779668      0.923077             NaN             NaN
45  within_plain  15    0.1      20    500     0.928     0.011560       500      278415.525902        193182.447503      0.937500             NaN             NaN
46  within_plain  17    0.1      20    500     0.936     0.010946       500      298236.449041        204258.370720      0.944444             NaN             NaN
47  within_plain  20    0.1      20    500     0.892     0.013881       500      184059.005798        159191.976986      0.904762             NaN             NaN
