selftest within_full: {'n_draws': 400, 'max_endpoint_residual': np.float64(3.552713678800501e-15), 'n_grid_points': 1600400, 'n_mismatch': 0}
Loaded 378817 rows from /work/users/w/e/weiyang/hest_replication/results/round5/conformal/W2_ghcp_settings/part2/input/data/acs_data_all50states.csv
After filtering to 1 specified states: 378817 rows
After filtering to foreign-born: 98793 rows
After age filter [25, 54]: 51615 rows
After recent entry filter (YOEP >= 2000): 22893 rows
After labor force filter (hours >= 40): 13707 rows
After requiring non-missing income: 13707 rows
After dropping non-positive income: 13700 rows
After dropping missings in key columns: 12285 rows

Final state counts:
state_abb
CA    12285
Name: count, dtype: int64
cohort rows 12285, PUMAs 265, eligible (>=21) 212
  100/500  1571s
  200/500  3087s
  300/500  4654s
  400/500  6222s
  500/500  7765s
          method   o  alpha  n_puma  n_rep  coverage  coverage_se  finite_n  width_mean_finite  width_median_finite  expected_cov  exact_cov_mean  interval_share
0           GHCP   0    0.1      20    500     0.986     0.005254       500      516738.678842        389171.143798           NaN             NaN             NaN
1           GHCP   2    0.1      20    500     0.984     0.005611       500      433358.712591        336660.119343           NaN             NaN             NaN
2           GHCP   5    0.1      20    500     0.978     0.006560       500      309218.932739        275631.243140           NaN             NaN             NaN
3           GHCP   8    0.1      20    500     0.974     0.007117       500      271856.363995        245266.008653           NaN             NaN             NaN
4           GHCP   9    0.1      20    500     0.974     0.007117       500      251498.385780        233367.700585           NaN             NaN             NaN
5           GHCP  10    0.1      20    500     0.974     0.007117       500      248311.149376        227543.669502           NaN             NaN             NaN
6           GHCP  12    0.1      20    500     0.966     0.008105       500      231389.963675        213382.574420           NaN             NaN             NaN
7           GHCP  15    0.1      20    500     0.960     0.008764       500      200273.973907        191306.951223           NaN             NaN             NaN
8           GHCP  17    0.1      20    500     0.944     0.010282       500      185436.029723        178570.604520           NaN             NaN             NaN
9           GHCP  20    0.1      20    500     0.952     0.009560       500      172565.735111        165835.236355           NaN             NaN             NaN
10           HCP   0    0.1      20    500     0.986     0.005254       500      524230.443497        398542.083148           NaN             NaN             NaN
11           HCP   2    0.1      20    500     0.986     0.005254       500      524230.443497        398542.083148           NaN             NaN             NaN
12           HCP   5    0.1      20    500     0.986     0.005254       500      524230.443497        398542.083148           NaN             NaN             NaN
13           HCP   8    0.1      20    500     0.986     0.005254       500      524230.443497        398542.083148           NaN             NaN             NaN
14           HCP   9    0.1      20    500     0.986     0.005254       500      524230.443497        398542.083148           NaN             NaN             NaN
15           HCP  10    0.1      20    500     0.986     0.005254       500      524230.443497        398542.083148           NaN             NaN             NaN
16           HCP  12    0.1      20    500     0.986     0.005254       500      524230.443497        398542.083148           NaN             NaN             NaN
17           HCP  15    0.1      20    500     0.986     0.005254       500      524230.443497        398542.083148           NaN             NaN             NaN
18           HCP  17    0.1      20    500     0.986     0.005254       500      524230.443497        398542.083148           NaN             NaN             NaN
19           HCP  20    0.1      20    500     0.986     0.005254       500      524230.443497        398542.083148           NaN             NaN             NaN
20        Std-CP   0    0.1      20    500     1.000     0.000000         0                NaN                  NaN           NaN             NaN             NaN
21        Std-CP   2    0.1      20    500     0.902     0.013296       110       84821.636364         54000.000000           NaN             NaN             NaN
22        Std-CP   5    0.1      20    500     0.904     0.013175       207      140687.151691         95520.000000           NaN             NaN             NaN
23        Std-CP   8    0.1      20    500     0.892     0.013881       246      145605.982520         96037.500000           NaN             NaN             NaN
24        Std-CP   9    0.1      20    500     0.924     0.011851       303      169343.912871        116730.000000           NaN             NaN             NaN
25        Std-CP  10    0.1      20    500     0.898     0.013535       310      170618.098581        114668.000000           NaN             NaN             NaN
26        Std-CP  12    0.1      20    500     0.924     0.011851       333      185465.808809        119128.666667           NaN             NaN             NaN
27        Std-CP  15    0.1      20    500     0.918     0.012270       434      192955.788940        129683.142857           NaN             NaN             NaN
28        Std-CP  17    0.1      20    500     0.914     0.012538       500      203677.994500        137676.550000           NaN             NaN             NaN
29        Std-CP  20    0.1      20    500     0.902     0.013296       500      205468.706640        138392.900000           NaN             NaN             NaN
30   within_full   2    0.1      20    500     1.000     0.000000         0                NaN                  NaN      1.000000           1.000             1.0
31   within_full   5    0.1      20    500     1.000     0.000000         0                NaN                  NaN      1.000000           1.000             1.0
32   within_full   8    0.1      20    500     1.000     0.000000         0                NaN                  NaN      1.000000           1.000             1.0
33   within_full   9    0.1      20    500     0.914     0.012538       500      204554.141107        148648.524576      0.900000           0.914             1.0
34   within_full  10    0.1      20    500     0.910     0.012798       500      216329.931909        153953.179097      0.909091           0.910             1.0
35   within_full  12    0.1      20    500     0.920     0.012133       500      231752.736915        163540.295116      0.923077           0.920             1.0
36   within_full  15    0.1      20    500     0.932     0.011258       500      252944.852637        175027.151112      0.937500           0.932             1.0
37   within_full  17    0.1      20    500     0.940     0.010621       500      271837.469732        185494.360981      0.944444           0.940             1.0
38   within_full  20    0.1      20    500     0.910     0.012798       500      166169.410651        146173.989495      0.904762           0.910             1.0
39  within_plain   2    0.1      20    500     1.000     0.000000         0                NaN                  NaN      1.000000             NaN             NaN
40  within_plain   5    0.1      20    500     1.000     0.000000         0                NaN                  NaN      1.000000             NaN             NaN
41  within_plain   8    0.1      20    500     1.000     0.000000         0                NaN                  NaN      1.000000             NaN             NaN
42  within_plain   9    0.1      20    500     0.906     0.013051       500      210134.735608        160972.459037      0.900000             NaN             NaN
43  within_plain  10    0.1      20    500     0.910     0.012798       500      222524.839534        164006.621583      0.909091             NaN             NaN
44  within_plain  12    0.1      20    500     0.924     0.011851       500      239292.044991        177875.667486      0.923077             NaN             NaN
45  within_plain  15    0.1      20    500     0.934     0.011104       500      261341.348546        190047.705366      0.937500             NaN             NaN
46  within_plain  17    0.1      20    500     0.942     0.010453       500      279561.747944        198263.733833      0.944444             NaN             NaN
47  within_plain  20    0.1      20    500     0.914     0.012538       500      177405.505160        157569.972020      0.904762             NaN             NaN
