/work/users/w/e/weiyang/hest_code/round5-ppi_snapshots/b410529ee93fe637be752ec2116edafbe6577c59/code/scripts/round5_ppi_e4b_rejective.py:328: RuntimeWarning: All-NaN slice encountered
  spearman_inclusion_vs_dev_median=float(np.nanmedian(rho)),
	Command being timed: "/work/users/w/e/weiyang/hest_replication/env/miniforge3/envs/hest/bin/python /work/users/w/e/weiyang/hest_code/round5-ppi_snapshots/b410529ee93fe637be752ec2116edafbe6577c59/code/scripts/round5_ppi_run.py --snapshot-dir /work/users/w/e/weiyang/hest_code/round5-ppi_snapshots/b410529ee93fe637be752ec2116edafbe6577c59 --out-dir /work/users/w/e/weiyang/hest_replication/results/round5/ppi/E4b_rejective/LUNG_XENIUM/uni_v2/theta2_nL12 --unit LUNG_XENIUM --stage E4b --frame-id 1ced51e2-8b37-4848-935c-97525647d387 -- round5_ppi_e4b_rejective.py --parquet /work/users/w/e/weiyang/hest_replication/results/round4/ppi/Q2_theory/predictions/b1_predictions__LUNG_XENIUM__uni_v2.parquet --perm-parquet /work/users/w/e/weiyang/hest_replication/results/round4/ppi/Q2_theory/predictions/b1_predictions__LUNG_XENIUM__resnet50.parquet --ref-parquet /work/users/w/e/weiyang/hest_replication/results/round4/ppi/Q2_theory/predictions/b1_predictions__LUNG_XENIUM__resnet50.parquet --ref-arm resnet50 --vtag LUNG_XENIUM --arm uni_v2 --estimands theta2 --nl-grid 12 --out-dir ."
	User time (seconds): 353.96
	System time (seconds): 9.43
	Percent of CPU this job got: 97%
	Elapsed (wall clock) time (h:mm:ss or m:ss): 6:11.52
	Average shared text size (kbytes): 0
	Average unshared data size (kbytes): 0
	Average stack size (kbytes): 0
	Average total size (kbytes): 0
	Maximum resident set size (kbytes): 1844300
	Average resident set size (kbytes): 0
	Major (requiring I/O) page faults: 2
	Minor (reclaiming a frame) page faults: 615871
	Voluntary context switches: 14308
	Involuntary context switches: 401
	Swaps: 0
	File system inputs: 46136
	File system outputs: 10616
	Socket messages sent: 0
	Socket messages received: 0
	Signals delivered: 0
	Page size (bytes): 4096
	Exit status: 0
