selftest within_full: {'n_draws': 400, 'max_endpoint_residual': np.float64(3.552713678800501e-15), 'n_grid_points': 1600400, 'n_mismatch': 0}
Loaded 378817 rows from /work/users/w/e/weiyang/hest_replication/results/round5/conformal/W2_ghcp_settings/part2/input/data/acs_data_all50states.csv
After filtering to 1 specified states: 378817 rows
After filtering to foreign-born: 98793 rows
After age filter [25, 54]: 51615 rows
After recent entry filter (YOEP >= 2000): 22893 rows
After labor force filter (hours >= 40): 13707 rows
After requiring non-missing income: 13707 rows
After dropping non-positive income: 13700 rows
After dropping missings in key columns: 12285 rows

Final state counts:
state_abb
CA    12285
Name: count, dtype: int64
cohort rows 12285, PUMAs 265, eligible (>=21) 212
  100/500  660s
  200/500  1328s
  300/500  1979s
  400/500  2592s
  500/500  3223s
          method   o  alpha  n_puma  n_rep  coverage  coverage_se  finite_n  width_mean_finite  width_median_finite  expected_cov  exact_cov_mean  interval_share
0           GHCP   0    0.2      10    500     0.948     0.009929       500      230936.357754        214607.978628           NaN             NaN             NaN
1           GHCP   2    0.2      10    500     0.936     0.010946       500      205158.937390        193292.471887           NaN             NaN             NaN
2           GHCP   5    0.2      10    500     0.918     0.012270       500      177087.549914        169858.111453           NaN             NaN             NaN
3           GHCP   8    0.2      10    500     0.894     0.013767       500      166640.300983        160746.363712           NaN             NaN             NaN
4           GHCP   9    0.2      10    500     0.890     0.013993       500      157776.288722        150264.016645           NaN             NaN             NaN
5           GHCP  10    0.2      10    500     0.894     0.013767       500      157316.369274        151674.457723           NaN             NaN             NaN
6           GHCP  12    0.2      10    500     0.874     0.014841       500      149411.157781        143604.059855           NaN             NaN             NaN
7           GHCP  15    0.2      10    500     0.868     0.015138       500      137705.045387        132479.386656           NaN             NaN             NaN
8           GHCP  17    0.2      10    500     0.850     0.015969       500      131991.436752        126541.426798           NaN             NaN             NaN
9           GHCP  20    0.2      10    500     0.840     0.016395       500      127372.353972        122034.134714           NaN             NaN             NaN
10           HCP   0    0.2      10    500     0.938     0.010785       500      229891.126054        213942.741764           NaN             NaN             NaN
11           HCP   2    0.2      10    500     0.938     0.010785       500      229891.126054        213942.741764           NaN             NaN             NaN
12           HCP   5    0.2      10    500     0.938     0.010785       500      229891.126054        213942.741764           NaN             NaN             NaN
13           HCP   8    0.2      10    500     0.938     0.010785       500      229891.126054        213942.741764           NaN             NaN             NaN
14           HCP   9    0.2      10    500     0.938     0.010785       500      229891.126054        213942.741764           NaN             NaN             NaN
15           HCP  10    0.2      10    500     0.938     0.010785       500      229891.126054        213942.741764           NaN             NaN             NaN
16           HCP  12    0.2      10    500     0.938     0.010785       500      229891.126054        213942.741764           NaN             NaN             NaN
17           HCP  15    0.2      10    500     0.938     0.010785       500      229891.126054        213942.741764           NaN             NaN             NaN
18           HCP  17    0.2      10    500     0.938     0.010785       500      229891.126054        213942.741764           NaN             NaN             NaN
19           HCP  20    0.2      10    500     0.938     0.010785       500      229891.126054        213942.741764           NaN             NaN             NaN
20        Std-CP   0    0.2      10    500     1.000     0.000000         0                NaN                  NaN           NaN             NaN             NaN
21        Std-CP   2    0.2      10    500     0.808     0.017615       204      116537.647059         62000.000000           NaN             NaN             NaN
22        Std-CP   5    0.2      10    500     0.840     0.016395       407      159764.102703        110440.000000           NaN             NaN             NaN
23        Std-CP   8    0.2      10    500     0.804     0.017753       500      162778.919800        109030.000000           NaN             NaN             NaN
24        Std-CP   9    0.2      10    500     0.818     0.017255       500      158746.155600        106672.500000           NaN             NaN             NaN
25        Std-CP  10    0.2      10    500     0.792     0.018151       500      152567.717760        111397.760000           NaN             NaN             NaN
26        Std-CP  12    0.2      10    500     0.826     0.016954       500      170093.445467        115533.333333           NaN             NaN             NaN
27        Std-CP  15    0.2      10    500     0.820     0.017181       500      144234.390400         99140.000000           NaN             NaN             NaN
28        Std-CP  17    0.2      10    500     0.822     0.017106       500      120779.095900         97625.750000           NaN             NaN             NaN
29        Std-CP  20    0.2      10    500     0.820     0.017181       500      122190.654000         97291.320000           NaN             NaN             NaN
30   within_full   2    0.2      10    500     1.000     0.000000         0                NaN                  NaN      1.000000           1.000             1.0
31   within_full   5    0.2      10    500     0.854     0.015791       500      175970.894991        129696.197926      0.833333           0.856             1.0
32   within_full   8    0.2      10    500     0.898     0.013535       500      212113.493780        153445.405463      0.888889           0.898             1.0
33   within_full   9    0.2      10    500     0.816     0.017329       500      125141.927692        107999.796532      0.800000           0.816             1.0
34   within_full  10    0.2      10    500     0.820     0.017181       500      128757.834791        111291.485543      0.818182           0.820             1.0
35   within_full  12    0.2      10    500     0.854     0.015791       500      139713.637504        122115.361988      0.846154           0.854             1.0
36   within_full  15    0.2      10    500     0.828     0.016877       500      117098.450771        105858.972808      0.812500           0.828             1.0
37   within_full  17    0.2      10    500     0.838     0.016478       500      124768.603790        111367.259012      0.833333           0.838             1.0
38   within_full  20    0.2      10    500     0.828     0.016877       500      111869.191826        101987.667819      0.809524           0.828             1.0
39  within_plain   2    0.2      10    500     1.000     0.000000         0                NaN                  NaN      1.000000             NaN             NaN
40  within_plain   5    0.2      10    500     0.846     0.016142       500      178227.591579        126803.795514      0.833333             NaN             NaN
41  within_plain   8    0.2      10    500     0.894     0.013767       500      218484.459283        161896.510895      0.888889             NaN             NaN
42  within_plain   9    0.2      10    500     0.806     0.017684       500      129137.192921        108710.799737      0.800000             NaN             NaN
43  within_plain  10    0.2      10    500     0.816     0.017329       500      134505.423055        112075.394280      0.818182             NaN             NaN
44  within_plain  12    0.2      10    500     0.840     0.016395       500      148135.774962        122705.222143      0.846154             NaN             NaN
45  within_plain  15    0.2      10    500     0.820     0.017181       500      122447.720448        111427.988284      0.812500             NaN             NaN
46  within_plain  17    0.2      10    500     0.842     0.016312       500      133345.410284        119554.491577      0.833333             NaN             NaN
47  within_plain  20    0.2      10    500     0.808     0.017615       500      119054.337931        109538.204427      0.809524             NaN             NaN
