part components done 2s
regcomp cell 1 regcomp|A|B2400|unit|nL4|m600 0s
regcomp cell 2 regcomp|A|B2400|unit|nL6|m400 1s
regcomp cell 3 regcomp|A|B2400|unit|nL8|m300 1s
regcomp cell 4 regcomp|A|B2400|unit|nL12|m200 1s
regcomp cell 5 regcomp|B|B2400|unit|nL25|mprop 1s
regcomp cell 6 regcomp|B|B2190.0|cd_cs_10_vs_A_nL4_B2400|nL25|mprop 2s
regcomp cell 7 regcomp|B|B2210.0|cd_cs_10_vs_A_nL6_B2400|nL25|mprop 2s
regcomp cell 8 regcomp|B|B2230.0|cd_cs_10_vs_A_nL8_B2400|nL25|mprop 3s
regcomp cell 9 regcomp|B|B2270.0|cd_cs_10_vs_A_nL12_B2400|nL25|mprop 3s
regcomp cell 10 regcomp|B|B300.0|cd_cs_100_vs_A_nL4_B2400|nL25|mprop 3s
regcomp cell 11 regcomp|B|B500.0|cd_cs_100_vs_A_nL6_B2400|nL25|mprop 4s
regcomp cell 12 regcomp|B|B700.0|cd_cs_100_vs_A_nL8_B2400|nL25|mprop 4s
regcomp cell 13 regcomp|B|B1100.0|cd_cs_100_vs_A_nL12_B2400|nL25|mprop 4s
regcomp cell 14 regcomp|A|B4800|unit|nL4|m1200 5s
regcomp cell 15 regcomp|A|B4800|unit|nL6|m800 5s
regcomp cell 16 regcomp|A|B4800|unit|nL8|m600 5s
regcomp cell 17 regcomp|A|B4800|unit|nL12|m400 6s
regcomp cell 18 regcomp|B|B4800|unit|nL25|mprop 6s
regcomp cell 19 regcomp|B|B4590.0|cd_cs_10_vs_A_nL4_B4800|nL25|mprop 7s
regcomp cell 20 regcomp|B|B4610.0|cd_cs_10_vs_A_nL6_B4800|nL25|mprop 7s
regcomp cell 21 regcomp|B|B4630.0|cd_cs_10_vs_A_nL8_B4800|nL25|mprop 8s
regcomp cell 22 regcomp|B|B4670.0|cd_cs_10_vs_A_nL12_B4800|nL25|mprop 9s
regcomp cell 23 regcomp|B|B2700.0|cd_cs_100_vs_A_nL4_B4800|nL25|mprop 9s
regcomp cell 24 regcomp|B|B2900.0|cd_cs_100_vs_A_nL6_B4800|nL25|mprop 10s
regcomp cell 25 regcomp|B|B3100.0|cd_cs_100_vs_A_nL8_B4800|nL25|mprop 10s
regcomp cell 26 regcomp|B|B3500.0|cd_cs_100_vs_A_nL12_B4800|nL25|mprop 11s
regcomp cell 27 regcomp|A|B9600|unit|nL4|m2400 11s
regcomp cell 28 regcomp|A|B9600|unit|nL6|m1600 11s
regcomp cell 29 regcomp|A|B9600|unit|nL8|m1200 12s
regcomp cell 30 regcomp|A|B9600|unit|nL12|m800 12s
regcomp cell 31 regcomp|B|B9600|unit|nL25|mprop 13s
regcomp cell 32 regcomp|B|B9390.0|cd_cs_10_vs_A_nL4_B9600|nL25|mprop 14s
regcomp cell 33 regcomp|B|B9410.0|cd_cs_10_vs_A_nL6_B9600|nL25|mprop 15s
regcomp cell 34 regcomp|B|B9430.0|cd_cs_10_vs_A_nL8_B9600|nL25|mprop 17s
regcomp cell 35 regcomp|B|B9470.0|cd_cs_10_vs_A_nL12_B9600|nL25|mprop 17s
regcomp cell 36 regcomp|B|B7500.0|cd_cs_100_vs_A_nL4_B9600|nL25|mprop 18s
regcomp cell 37 regcomp|B|B7700.0|cd_cs_100_vs_A_nL6_B9600|nL25|mprop 19s
regcomp cell 38 regcomp|B|B7900.0|cd_cs_100_vs_A_nL8_B9600|nL25|mprop 20s
regcomp cell 39 regcomp|B|B8300.0|cd_cs_100_vs_A_nL12_B9600|nL25|mprop 21s
part regcomp done 24s
masking cell 1 masking|A|Bnan|unit|nL4|m25 0s
masking cell 2 masking|A|Bnan|unit|nL4|m50 0s
masking cell 3 masking|A|Bnan|unit|nL4|m100 1s
masking cell 4 masking|A|Bnan|unit|nL4|m200 1s
masking cell 5 masking|A|Bnan|unit|nL4|m500 1s
masking cell 6 masking|A|Bnan|unit|nL4|m0 1s
masking cell 7 masking|A|Bnan|unit|nL6|m25 2s
masking cell 8 masking|A|Bnan|unit|nL6|m50 2s
masking cell 9 masking|A|Bnan|unit|nL6|m100 2s
masking cell 10 masking|A|Bnan|unit|nL6|m200 2s
masking cell 11 masking|A|Bnan|unit|nL6|m500 2s
masking cell 12 masking|A|Bnan|unit|nL6|m0 3s
masking cell 13 masking|A|Bnan|unit|nL8|m25 3s
masking cell 14 masking|A|Bnan|unit|nL8|m50 3s
masking cell 15 masking|A|Bnan|unit|nL8|m100 3s
masking cell 16 masking|A|Bnan|unit|nL8|m200 4s
masking cell 17 masking|A|Bnan|unit|nL8|m500 4s
masking cell 18 masking|A|Bnan|unit|nL8|m0 4s
masking cell 19 masking|A|Bnan|unit|nL12|m25 5s
masking cell 20 masking|A|Bnan|unit|nL12|m50 5s
masking cell 21 masking|A|Bnan|unit|nL12|m100 5s
masking cell 22 masking|A|Bnan|unit|nL12|m200 5s
masking cell 23 masking|A|Bnan|unit|nL12|m500 6s
masking cell 24 masking|A|Bnan|unit|nL12|m0 6s
masking cell 25 masking|A|Bnan|unit|nL16|m25 7s
masking cell 26 masking|A|Bnan|unit|nL16|m50 7s
masking cell 27 masking|A|Bnan|unit|nL16|m100 7s
masking cell 28 masking|A|Bnan|unit|nL16|m200 7s
masking cell 29 masking|A|Bnan|unit|nL16|m500 8s
masking cell 30 masking|A|Bnan|unit|nL16|m0 9s
part masking done 34s
regb cell 1 regb|B|Bnan|unit|nL25|m2 0s
regb cell 2 regb|B|Bnan|unit|nL25|m3 0s
regb cell 3 regb|B|Bnan|unit|nL25|m4 1s
regb cell 4 regb|B|Bnan|unit|nL25|m5 1s
regb cell 5 regb|B|Bnan|unit|nL25|m6 1s
regb cell 6 regb|B|Bnan|unit|nL25|m8 2s
regb cell 7 regb|B|Bnan|unit|nL25|m10 2s
regb cell 8 regb|B|Bnan|unit|nL25|m15 2s
regb cell 9 regb|B|Bnan|unit|nL25|m20 3s
regb cell 10 regb|B|Bnan|unit|nL25|m25 3s
regb cell 11 regb|B|Bnan|unit|nL25|m50 3s
regb cell 12 regb|B|Bnan|unit|nL25|m100 4s
part regb done 38s
part unitw done 38s
part accept done 46s
exit=0
