27352567fdbeab21d830e57a3b28fbec  /work/users/w/e/weiyang/hest_replication/results/round3/A2_conditional/a2_score_moments__resnet50.parquet
[selftest] {'n_draws': 400, 'max_endpoint_residual': np.float64(3.552713678800501e-15), 'n_grid_points': 1600400, 'n_mismatch': 0}
[cell 1/4] normal|K9|N21|share0.3|tau0.0 4s
[cell 2/4] normal|K9|N500|share0.3|tau0.0 6s
[cell 3/4] normal|K9|Nunequal|share0.3|tau0.0 6s
[cell 4/4] semireal|K9|Ndata|sharenan|taunan 17s
[done] 4 cells 154s
[selftest] {'n_draws': 400, 'max_endpoint_residual': np.float64(3.552713678800501e-15), 'n_grid_points': 1600400, 'n_mismatch': 0}
[cell 1/4] normal|K10|N21|share0.3|tau0.0 4s
[cell 2/4] normal|K10|N500|share0.3|tau0.0 6s
[cell 3/4] normal|K10|Nunequal|share0.3|tau0.0 6s
[cell 4/4] semireal|K10|Ndata|sharenan|taunan 19s
[done] 4 cells 149s
[selftest] {'n_draws': 400, 'max_endpoint_residual': np.float64(3.552713678800501e-15), 'n_grid_points': 1600400, 'n_mismatch': 0}
[cell 1/4] normal|K12|N21|share0.3|tau0.0 4s
[cell 2/4] normal|K12|N500|share0.3|tau0.0 7s
[cell 3/4] normal|K12|Nunequal|share0.3|tau0.0 7s
[cell 4/4] semireal|K12|Ndata|sharenan|taunan 21s
[done] 4 cells 149s
[selftest] {'n_draws': 400, 'max_endpoint_residual': np.float64(3.552713678800501e-15), 'n_grid_points': 1600400, 'n_mismatch': 0}
[cell 1/4] normal|K14|N21|share0.3|tau0.0 5s
[cell 2/4] normal|K14|N500|share0.3|tau0.0 8s
[cell 3/4] normal|K14|Nunequal|share0.3|tau0.0 8s
[cell 4/4] semireal|K14|Ndata|sharenan|taunan 24s
[done] 4 cells 155s
[selftest] {'n_draws': 400, 'max_endpoint_residual': np.float64(3.552713678800501e-15), 'n_grid_points': 1600400, 'n_mismatch': 0}
[cell 1/4] normal|K16|N21|share0.3|tau0.0 5s
[cell 2/4] normal|K16|N500|share0.3|tau0.0 9s
[cell 3/4] normal|K16|Nunequal|share0.3|tau0.0 8s
[cell 4/4] semireal|K16|Ndata|sharenan|taunan 27s
[done] 4 cells 167s
[selftest] {'n_draws': 400, 'max_endpoint_residual': np.float64(3.552713678800501e-15), 'n_grid_points': 1600400, 'n_mismatch': 0}
[cell 1/4] normal|K18|N21|share0.3|tau0.0 5s
[cell 2/4] normal|K18|N500|share0.3|tau0.0 9s
[cell 3/4] normal|K18|Nunequal|share0.3|tau0.0 9s
[cell 4/4] semireal|K18|Ndata|sharenan|taunan 31s
[done] 4 cells 165s
[selftest] {'n_draws': 400, 'max_endpoint_residual': np.float64(3.552713678800501e-15), 'n_grid_points': 1600400, 'n_mismatch': 0}
[cell 1/4] normal|K20|N21|share0.3|tau0.0 5s
[cell 2/4] normal|K20|N500|share0.3|tau0.0 10s
[cell 3/4] normal|K20|Nunequal|share0.3|tau0.0 11s
[cell 4/4] semireal|K20|Ndata|sharenan|taunan 36s
[done] 4 cells 175s
[selftest] {'n_draws': 400, 'max_endpoint_residual': np.float64(3.552713678800501e-15), 'n_grid_points': 1600400, 'n_mismatch': 0}
[cell 1/4] normal|K25|N21|share0.3|tau0.0 6s
[cell 2/4] normal|K25|N500|share0.3|tau0.0 12s
[cell 3/4] normal|K25|Nunequal|share0.3|tau0.0 13s
[cell 4/4] semireal|K25|Ndata|sharenan|taunan 46s
[done] 4 cells 203s
[selftest] {'n_draws': 400, 'max_endpoint_residual': np.float64(3.552713678800501e-15), 'n_grid_points': 1600400, 'n_mismatch': 0}
[cell 1/4] normal|K30|N21|share0.3|tau0.0 6s
[cell 2/4] normal|K30|N500|share0.3|tau0.0 14s
[cell 3/4] normal|K30|Nunequal|share0.3|tau0.0 15s
[cell 4/4] semireal|K30|Ndata|sharenan|taunan 55s
[done] 4 cells 202s
[selftest] {'n_draws': 400, 'max_endpoint_residual': np.float64(3.552713678800501e-15), 'n_grid_points': 1600400, 'n_mismatch': 0}
[cell 1/4] normal|K50|N21|share0.3|tau0.0 8s
[cell 2/4] normal|K50|N500|share0.3|tau0.0 23s
[cell 3/4] normal|K50|Nunequal|share0.3|tau0.0 24s
[cell 4/4] semireal|K50|Ndata|sharenan|taunan 98s
[done] 4 cells 268s
total 2635
-rw-r--r-- 1 weiyang users   1041 Oct  7 19:04 cmd.sh
-rw-r--r-- 1 weiyang users   1676 Oct  7 19:04 job.sh
drwxr-xr-x 2 weiyang users   4096 Oct  7 19:04 _lock
-rw-r--r-- 1 weiyang users     17 Oct  7 19:06 _pgid
-rw-r--r-- 1 weiyang users    419 Oct  7 19:36 _provenance.json
-rw-r--r-- 1 weiyang users  23888 Oct  7 19:36 PROVENANCE.txt
-rw-r--r-- 1 weiyang users  13964 Oct  7 19:04 r5conf_b4.bundle
-rw-r--r-- 1 weiyang users   3564 Oct  7 19:36 slurm-4201564.out
-rw-r--r-- 1 weiyang users     17 Oct  7 19:04 _staged
-rw-r--r-- 1 weiyang users     52 Oct  7 19:06 _status.json
-rw-r--r-- 1 weiyang users    152 Oct  7 19:04 _submitted
-rw-r--r-- 1 weiyang users    163 Oct  7 19:36 w1_cell_seconds__K09__smoke.csv
-rw-r--r-- 1 weiyang users    167 Oct  7 19:36 w1_cell_seconds__K10__smoke.csv
-rw-r--r-- 1 weiyang users    167 Oct  7 19:36 w1_cell_seconds__K12__smoke.csv
-rw-r--r-- 1 weiyang users    167 Oct  7 19:36 w1_cell_seconds__K14__smoke.csv
-rw-r--r-- 1 weiyang users    167 Oct  7 19:36 w1_cell_seconds__K16__smoke.csv
-rw-r--r-- 1 weiyang users    167 Oct  7 19:36 w1_cell_seconds__K18__smoke.csv
-rw-r--r-- 1 weiyang users    169 Oct  7 19:36 w1_cell_seconds__K20__smoke.csv
-rw-r--r-- 1 weiyang users    169 Oct  7 19:36 w1_cell_seconds__K25__smoke.csv
-rw-r--r-- 1 weiyang users    169 Oct  7 19:36 w1_cell_seconds__K30__smoke.csv
-rw-r--r-- 1 weiyang users    169 Oct  7 19:36 w1_cell_seconds__K50__smoke.csv
-rw-r--r-- 1 weiyang users 216168 Oct  7 19:36 w1_grid__K09__smoke.csv
-rw-r--r-- 1 weiyang users 225334 Oct  7 19:36 w1_grid__K10__smoke.csv
-rw-r--r-- 1 weiyang users 224876 Oct  7 19:36 w1_grid__K12__smoke.csv
-rw-r--r-- 1 weiyang users 225773 Oct  7 19:36 w1_grid__K14__smoke.csv
-rw-r--r-- 1 weiyang users 226487 Oct  7 19:36 w1_grid__K16__smoke.csv
-rw-r--r-- 1 weiyang users 231187 Oct  7 19:36 w1_grid__K18__smoke.csv
-rw-r--r-- 1 weiyang users 234409 Oct  7 19:36 w1_grid__K20__smoke.csv
-rw-r--r-- 1 weiyang users 235073 Oct  7 19:36 w1_grid__K25__smoke.csv
-rw-r--r-- 1 weiyang users 235631 Oct  7 19:36 w1_grid__K30__smoke.csv
-rw-r--r-- 1 weiyang users 234635 Oct  7 19:36 w1_grid__K50__smoke.csv
-rw-r--r-- 1 weiyang users  25245 Oct  7 19:36 w1_narrowest_valid__K09__smoke.csv
-rw-r--r-- 1 weiyang users  26842 Oct  7 19:36 w1_narrowest_valid__K10__smoke.csv
-rw-r--r-- 1 weiyang users  26895 Oct  7 19:36 w1_narrowest_valid__K12__smoke.csv
-rw-r--r-- 1 weiyang users  26847 Oct  7 19:36 w1_narrowest_valid__K14__smoke.csv
-rw-r--r-- 1 weiyang users  26852 Oct  7 19:36 w1_narrowest_valid__K16__smoke.csv
-rw-r--r-- 1 weiyang users  26861 Oct  7 19:36 w1_narrowest_valid__K18__smoke.csv
-rw-r--r-- 1 weiyang users  26819 Oct  7 19:36 w1_narrowest_valid__K20__smoke.csv
-rw-r--r-- 1 weiyang users  26792 Oct  7 19:36 w1_narrowest_valid__K25__smoke.csv
-rw-r--r-- 1 weiyang users  26833 Oct  7 19:36 w1_narrowest_valid__K30__smoke.csv
-rw-r--r-- 1 weiyang users  26754 Oct  7 19:36 w1_narrowest_valid__K50__smoke.csv
-rw-r--r-- 1 weiyang users     91 Oct  7 19:36 w1_within_full_selftest__K09__smoke.csv
-rw-r--r-- 1 weiyang users     91 Oct  7 19:36 w1_within_full_selftest__K10__smoke.csv
-rw-r--r-- 1 weiyang users     91 Oct  7 19:36 w1_within_full_selftest__K12__smoke.csv
-rw-r--r-- 1 weiyang users     91 Oct  7 19:36 w1_within_full_selftest__K14__smoke.csv
-rw-r--r-- 1 weiyang users     91 Oct  7 19:36 w1_within_full_selftest__K16__smoke.csv
-rw-r--r-- 1 weiyang users     91 Oct  7 19:36 w1_within_full_selftest__K18__smoke.csv
-rw-r--r-- 1 weiyang users     91 Oct  7 19:36 w1_within_full_selftest__K20__smoke.csv
-rw-r--r-- 1 weiyang users     91 Oct  7 19:36 w1_within_full_selftest__K25__smoke.csv
-rw-r--r-- 1 weiyang users     91 Oct  7 19:36 w1_within_full_selftest__K30__smoke.csv
-rw-r--r-- 1 weiyang users     91 Oct  7 19:36 w1_within_full_selftest__K50__smoke.csv
-rw-r--r-- 1 weiyang users   7285 Oct  7 19:36 w1_within_full_shape__K09__smoke.csv
-rw-r--r-- 1 weiyang users   7535 Oct  7 19:36 w1_within_full_shape__K10__smoke.csv
-rw-r--r-- 1 weiyang users   7405 Oct  7 19:36 w1_within_full_shape__K12__smoke.csv
-rw-r--r-- 1 weiyang users   7438 Oct  7 19:36 w1_within_full_shape__K14__smoke.csv
-rw-r--r-- 1 weiyang users   7427 Oct  7 19:36 w1_within_full_shape__K16__smoke.csv
-rw-r--r-- 1 weiyang users   7434 Oct  7 19:36 w1_within_full_shape__K18__smoke.csv
-rw-r--r-- 1 weiyang users   7407 Oct  7 19:36 w1_within_full_shape__K20__smoke.csv
-rw-r--r-- 1 weiyang users   7404 Oct  7 19:36 w1_within_full_shape__K25__smoke.csv
-rw-r--r-- 1 weiyang users   7441 Oct  7 19:36 w1_within_full_shape__K30__smoke.csv
-rw-r--r-- 1 weiyang users   7553 Oct  7 19:36 w1_within_full_shape__K50__smoke.csv
