selftest within_full: {'n_draws': 400, 'max_endpoint_residual': np.float64(3.552713678800501e-15), 'n_grid_points': 1600400, 'n_mismatch': 0}
Loaded 378817 rows from /work/users/w/e/weiyang/hest_replication/results/round5/conformal/W2_ghcp_settings/part2/input/data/acs_data_all50states.csv
After filtering to 1 specified states: 378817 rows
After filtering to foreign-born: 98793 rows
After age filter [25, 54]: 51615 rows
After recent entry filter (YOEP >= 2000): 22893 rows
After labor force filter (hours >= 40): 13707 rows
After requiring non-missing income: 13707 rows
After dropping non-positive income: 13700 rows
After dropping missings in key columns: 12285 rows

Final state counts:
state_abb
CA    12285
Name: count, dtype: int64
cohort rows 12285, PUMAs 265, eligible (>=21) 212
  100/500  1371s
  200/500  2705s
  300/500  3966s
  400/500  5244s
  500/500  6430s
          method   o  alpha  n_puma  n_rep  coverage  coverage_se  finite_n  width_mean_finite  width_median_finite  expected_cov  exact_cov_mean  interval_share
0           GHCP   0    0.2      20    500     0.846     0.016142       500      141023.943940        138766.720358           NaN             NaN             NaN
1           GHCP   2    0.2      20    500     0.842     0.016312       500      133213.599871        130582.502355           NaN             NaN             NaN
2           GHCP   5    0.2      20    500     0.840     0.016395       500      126543.610712        124853.231057           NaN             NaN             NaN
3           GHCP   8    0.2      20    500     0.836     0.016559       500      119757.078781        118638.064065           NaN             NaN             NaN
4           GHCP   9    0.2      20    500     0.838     0.016478       500      118136.876241        117215.612039           NaN             NaN             NaN
5           GHCP  10    0.2      20    500     0.844     0.016227       500      115568.690027        115582.924495           NaN             NaN             NaN
6           GHCP  12    0.2      20    500     0.846     0.016142       500      113414.213868        111686.604710           NaN             NaN             NaN
7           GHCP  15    0.2      20    500     0.834     0.016640       500      109646.913396        107767.308599           NaN             NaN             NaN
8           GHCP  17    0.2      20    500     0.836     0.016559       500      106997.026273        106150.190111           NaN             NaN             NaN
9           GHCP  20    0.2      20    500     0.826     0.016954       500      104151.422179        103368.701131           NaN             NaN             NaN
10           HCP   0    0.2      20    500     0.852     0.015881       500      139517.497401        137616.675845           NaN             NaN             NaN
11           HCP   2    0.2      20    500     0.852     0.015881       500      139517.497401        137616.675845           NaN             NaN             NaN
12           HCP   5    0.2      20    500     0.852     0.015881       500      139517.497401        137616.675845           NaN             NaN             NaN
13           HCP   8    0.2      20    500     0.852     0.015881       500      139517.497401        137616.675845           NaN             NaN             NaN
14           HCP   9    0.2      20    500     0.852     0.015881       500      139517.497401        137616.675845           NaN             NaN             NaN
15           HCP  10    0.2      20    500     0.852     0.015881       500      139517.497401        137616.675845           NaN             NaN             NaN
16           HCP  12    0.2      20    500     0.852     0.015881       500      139517.497401        137616.675845           NaN             NaN             NaN
17           HCP  15    0.2      20    500     0.852     0.015881       500      139517.497401        137616.675845           NaN             NaN             NaN
18           HCP  17    0.2      20    500     0.852     0.015881       500      139517.497401        137616.675845           NaN             NaN             NaN
19           HCP  20    0.2      20    500     0.852     0.015881       500      139517.497401        137616.675845           NaN             NaN             NaN
20        Std-CP   0    0.2      20    500     1.000     0.000000         0                NaN                  NaN           NaN             NaN             NaN
21        Std-CP   2    0.2      20    500     0.816     0.017329       183       87971.038251         50000.000000           NaN             NaN             NaN
22        Std-CP   5    0.2      20    500     0.804     0.017753       396      153271.596970         99205.000000           NaN             NaN             NaN
23        Std-CP   8    0.2      20    500     0.812     0.017473       500      153075.494600        103349.000000           NaN             NaN             NaN
24        Std-CP   9    0.2      20    500     0.812     0.017473       500      151270.546000        109396.000000           NaN             NaN             NaN
25        Std-CP  10    0.2      20    500     0.786     0.018341       500      146071.832320        101023.200000           NaN             NaN             NaN
26        Std-CP  12    0.2      20    500     0.788     0.018279       500      158769.742133        102277.866667           NaN             NaN             NaN
27        Std-CP  15    0.2      20    500     0.796     0.018021       500      130959.383543        101268.571429           NaN             NaN             NaN
28        Std-CP  17    0.2      20    500     0.794     0.018087       500      121082.175600         95441.750000           NaN             NaN             NaN
29        Std-CP  20    0.2      20    500     0.796     0.018021       500      117319.174960         92710.200000           NaN             NaN             NaN
30   within_full   2    0.2      20    500     1.000     0.000000         0                NaN                  NaN      1.000000           1.000             1.0
31   within_full   5    0.2      20    500     0.816     0.017329       500      170690.971243        124265.760439      0.833333           0.816             1.0
32   within_full   8    0.2      20    500     0.882     0.014427       500      202722.749834        149319.315073      0.888889           0.882             1.0
33   within_full   9    0.2      20    500     0.796     0.018021       500      120037.976119        101040.747248      0.800000           0.796             1.0
34   within_full  10    0.2      20    500     0.812     0.017473       500      126795.158946        107683.073779      0.818182           0.812             1.0
35   within_full  12    0.2      20    500     0.842     0.016312       500      138928.374828        118778.654044      0.846154           0.842             1.0
36   within_full  15    0.2      20    500     0.822     0.017106       500      114827.525353        103202.721739      0.812500           0.822             1.0
37   within_full  17    0.2      20    500     0.838     0.016478       500      123637.200077        108138.613924      0.833333           0.838             1.0
38   within_full  20    0.2      20    500     0.814     0.017401       500      110391.884774         97318.334123      0.809524           0.814             1.0
39  within_plain   2    0.2      20    500     1.000     0.000000         0                NaN                  NaN      1.000000             NaN             NaN
40  within_plain   5    0.2      20    500     0.826     0.016954       500      169996.407435        126008.826810      0.833333             NaN             NaN
41  within_plain   8    0.2      20    500     0.874     0.014841       500      205505.918379        155875.414496      0.888889             NaN             NaN
42  within_plain   9    0.2      20    500     0.768     0.018877       500      117284.964515         99313.195387      0.800000             NaN             NaN
43  within_plain  10    0.2      20    500     0.794     0.018087       500      125710.861399        105216.911423      0.818182             NaN             NaN
44  within_plain  12    0.2      20    500     0.824     0.017031       500      140917.011346        122530.228504      0.846154             NaN             NaN
45  within_plain  15    0.2      20    500     0.794     0.018087       500      120119.790075        105050.046723      0.812500             NaN             NaN
46  within_plain  17    0.2      20    500     0.810     0.017544       500      130296.666561        114038.783716      0.833333             NaN             NaN
47  within_plain  20    0.2      20    500     0.790     0.018215       500      116311.883160        103781.912785      0.809524             NaN             NaN
