[cell 1] normal|K5|N100|share0.1|tau0.0 1.1s
[cell 2] normal|K5|N100|share0.1|tau0.3 1.1s
[cell 3] normal|K5|N100|share0.3|tau0.0 1.1s
[cell 4] normal|K5|N100|share0.3|tau0.3 1.1s
[cell 5] normal|K5|N100|share0.5|tau0.0 1.2s
[cell 6] normal|K5|N100|share0.5|tau0.3 1.1s
[cell 7] normal|K5|N100|share0.0|tau0.0 1.1s
[cell 8] normal|K5|N500|share0.1|tau0.0 2.2s
[cell 9] normal|K5|N500|share0.1|tau0.3 2.1s
[cell 10] normal|K5|N500|share0.3|tau0.0 2.0s
[cell 11] normal|K5|N500|share0.3|tau0.3 2.1s
[cell 12] normal|K5|N500|share0.5|tau0.0 2.1s
[cell 13] normal|K5|N500|share0.5|tau0.3 2.3s
[cell 14] normal|K5|N500|share0.0|tau0.0 2.1s
[cell 15] normal|K5|N2000|share0.1|tau0.0 6.9s
[cell 16] normal|K5|N2000|share0.1|tau0.3 6.7s
[cell 17] normal|K5|N2000|share0.3|tau0.0 6.5s
[cell 18] normal|K5|N2000|share0.3|tau0.3 6.7s
[cell 19] normal|K5|N2000|share0.5|tau0.0 7.6s
[cell 20] normal|K5|N2000|share0.5|tau0.3 6.8s
[cell 21] normal|K5|N2000|share0.0|tau0.0 6.7s
[cell 22] normal|K5|Nunequal|share0.1|tau0.0 2.6s
[cell 23] normal|K5|Nunequal|share0.1|tau0.3 2.5s
[cell 24] normal|K5|Nunequal|share0.3|tau0.0 2.3s
[cell 25] normal|K5|Nunequal|share0.3|tau0.3 2.3s
[cell 26] normal|K5|Nunequal|share0.5|tau0.0 2.3s
[cell 27] normal|K5|Nunequal|share0.5|tau0.3 2.3s
[cell 28] normal|K5|Nunequal|share0.0|tau0.0 2.4s
[cell 29] t3|K5|N100|share0.1|tau0.0 1.8s
[cell 30] t3|K5|N100|share0.1|tau0.3 1.7s
[cell 31] t3|K5|N100|share0.3|tau0.0 1.8s
[cell 32] t3|K5|N100|share0.3|tau0.3 1.7s
[cell 33] t3|K5|N100|share0.5|tau0.0 1.7s
[cell 34] t3|K5|N100|share0.5|tau0.3 1.7s
[cell 35] t3|K5|N100|share0.0|tau0.0 1.8s
[cell 36] t3|K5|N500|share0.1|tau0.0 3.0s
[cell 37] t3|K5|N500|share0.1|tau0.3 3.0s
[cell 38] t3|K5|N500|share0.3|tau0.0 2.8s
[cell 39] t3|K5|N500|share0.3|tau0.3 2.8s
[cell 40] t3|K5|N500|share0.5|tau0.0 3.1s
[cell 41] t3|K5|N500|share0.5|tau0.3 3.0s
[cell 42] t3|K5|N500|share0.0|tau0.0 3.0s
[cell 43] t3|K5|N2000|share0.1|tau0.0 8.4s
[cell 44] t3|K5|N2000|share0.1|tau0.3 8.4s
[cell 45] t3|K5|N2000|share0.3|tau0.0 8.8s
[cell 46] t3|K5|N2000|share0.3|tau0.3 9.3s
[cell 47] t3|K5|N2000|share0.5|tau0.0 8.4s
[cell 48] t3|K5|N2000|share0.5|tau0.3 9.3s
[cell 49] t3|K5|N2000|share0.0|tau0.0 11.6s
[cell 50] t3|K5|Nunequal|share0.1|tau0.0 5.2s
[cell 51] t3|K5|Nunequal|share0.1|tau0.3 3.6s
[cell 52] t3|K5|Nunequal|share0.3|tau0.0 3.5s
[cell 53] t3|K5|Nunequal|share0.3|tau0.3 3.8s
[cell 54] t3|K5|Nunequal|share0.5|tau0.0 3.8s
[cell 55] t3|K5|Nunequal|share0.5|tau0.3 3.8s
[cell 56] t3|K5|Nunequal|share0.0|tau0.0 3.8s
[cell 57] semireal|K5|Ndata|sharenan|taunan 13.0s
[cell 58] semireal|K5|N500|sharenan|taunan 4.0s
[cell 59] normal|K7|N100|share0.1|tau0.0 1.3s
[cell 60] normal|K7|N100|share0.1|tau0.3 1.3s
[cell 61] normal|K7|N100|share0.3|tau0.0 1.4s
[cell 62] normal|K7|N100|share0.3|tau0.3 1.4s
[cell 63] normal|K7|N100|share0.5|tau0.0 1.3s
[cell 64] normal|K7|N100|share0.5|tau0.3 1.3s
[cell 65] normal|K7|N100|share0.0|tau0.0 1.3s
[cell 66] normal|K7|N500|share0.1|tau0.0 2.8s
[cell 67] normal|K7|N500|share0.1|tau0.3 2.9s
[cell 68] normal|K7|N500|share0.3|tau0.0 3.0s
[cell 69] normal|K7|N500|share0.3|tau0.3 3.1s
[cell 70] normal|K7|N500|share0.5|tau0.0 3.0s
[cell 71] normal|K7|N500|share0.5|tau0.3 3.4s
[cell 72] normal|K7|N500|share0.0|tau0.0 3.4s
[cell 73] normal|K7|N2000|share0.1|tau0.0 11.8s
[cell 74] normal|K7|N2000|share0.1|tau0.3 9.5s
[cell 75] normal|K7|N2000|share0.3|tau0.0 10.9s
[cell 76] normal|K7|N2000|share0.3|tau0.3 11.0s
[cell 77] normal|K7|N2000|share0.5|tau0.0 11.2s
[cell 78] normal|K7|N2000|share0.5|tau0.3 9.2s
[cell 79] normal|K7|N2000|share0.0|tau0.0 10.2s
[cell 80] normal|K7|Nunequal|share0.1|tau0.0 3.4s
[cell 81] normal|K7|Nunequal|share0.1|tau0.3 3.4s
[cell 82] normal|K7|Nunequal|share0.3|tau0.0 3.3s
[cell 83] normal|K7|Nunequal|share0.3|tau0.3 3.7s
[cell 84] normal|K7|Nunequal|share0.5|tau0.0 3.2s
[cell 85] normal|K7|Nunequal|share0.5|tau0.3 3.1s
[cell 86] normal|K7|Nunequal|share0.0|tau0.0 3.3s
[cell 87] t3|K7|N100|share0.1|tau0.0 2.2s
[cell 88] t3|K7|N100|share0.1|tau0.3 1.9s
[cell 89] t3|K7|N100|share0.3|tau0.0 2.0s
[cell 90] t3|K7|N100|share0.3|tau0.3 1.9s
[cell 91] t3|K7|N100|share0.5|tau0.0 1.9s
[cell 92] t3|K7|N100|share0.5|tau0.3 1.9s
[cell 93] t3|K7|N100|share0.0|tau0.0 1.9s
[cell 94] t3|K7|N500|share0.1|tau0.0 3.6s
[cell 95] t3|K7|N500|share0.1|tau0.3 3.8s
[cell 96] t3|K7|N500|share0.3|tau0.0 3.6s
[cell 97] t3|K7|N500|share0.3|tau0.3 3.6s
[cell 98] t3|K7|N500|share0.5|tau0.0 3.7s
[cell 99] t3|K7|N500|share0.5|tau0.3 3.7s
[cell 100] t3|K7|N500|share0.0|tau0.0 3.7s
[cell 101] t3|K7|N2000|share0.1|tau0.0 10.6s
[cell 102] t3|K7|N2000|share0.1|tau0.3 11.3s
[cell 103] t3|K7|N2000|share0.3|tau0.0 11.0s
[cell 104] t3|K7|N2000|share0.3|tau0.3 10.1s
[cell 105] t3|K7|N2000|share0.5|tau0.0 10.6s
[cell 106] t3|K7|N2000|share0.5|tau0.3 10.4s
[cell 107] t3|K7|N2000|share0.0|tau0.0 13.0s
[cell 108] t3|K7|Nunequal|share0.1|tau0.0 5.4s
[cell 109] t3|K7|Nunequal|share0.1|tau0.3 4.3s
[cell 110] t3|K7|Nunequal|share0.3|tau0.0 4.3s
[cell 111] t3|K7|Nunequal|share0.3|tau0.3 4.1s
[cell 112] t3|K7|Nunequal|share0.5|tau0.0 4.4s
[cell 113] t3|K7|Nunequal|share0.5|tau0.3 4.5s
[cell 114] t3|K7|Nunequal|share0.0|tau0.0 4.4s
[cell 115] semireal|K7|Ndata|sharenan|taunan 18.4s
[cell 116] semireal|K7|N500|sharenan|taunan 4.2s
[cell 117] normal|K9|N100|share0.1|tau0.0 1.6s
[cell 118] normal|K9|N100|share0.1|tau0.3 1.8s
[cell 119] normal|K9|N100|share0.3|tau0.0 1.5s
[cell 120] normal|K9|N100|share0.3|tau0.3 1.5s
[cell 121] normal|K9|N100|share0.5|tau0.0 1.8s
[cell 122] normal|K9|N100|share0.5|tau0.3 1.7s
[cell 123] normal|K9|N100|share0.0|tau0.0 1.7s
[cell 124] normal|K9|N500|share0.1|tau0.0 3.7s
[cell 125] normal|K9|N500|share0.1|tau0.3 3.6s
[cell 126] normal|K9|N500|share0.3|tau0.0 3.7s
[cell 127] normal|K9|N500|share0.3|tau0.3 3.4s
[cell 128] normal|K9|N500|share0.5|tau0.0 3.4s
[cell 129] normal|K9|N500|share0.5|tau0.3 3.9s
[cell 130] normal|K9|N500|share0.0|tau0.0 3.8s
[cell 131] normal|K9|N2000|share0.1|tau0.0 12.8s
[cell 132] normal|K9|N2000|share0.1|tau0.3 12.7s
[cell 133] normal|K9|N2000|share0.3|tau0.0 11.6s
[cell 134] normal|K9|N2000|share0.3|tau0.3 11.2s
[cell 135] normal|K9|N2000|share0.5|tau0.0 11.5s
[cell 136] normal|K9|N2000|share0.5|tau0.3 11.0s
[cell 137] normal|K9|N2000|share0.0|tau0.0 11.5s
[cell 138] normal|K9|Nunequal|share0.1|tau0.0 4.2s
[cell 139] normal|K9|Nunequal|share0.1|tau0.3 4.1s
[cell 140] normal|K9|Nunequal|share0.3|tau0.0 4.1s
[cell 141] normal|K9|Nunequal|share0.3|tau0.3 4.2s
[cell 142] normal|K9|Nunequal|share0.5|tau0.0 4.1s
[cell 143] normal|K9|Nunequal|share0.5|tau0.3 4.0s
[cell 144] normal|K9|Nunequal|share0.0|tau0.0 4.3s
[cell 145] t3|K9|N100|share0.1|tau0.0 2.1s
[cell 146] t3|K9|N100|share0.1|tau0.3 2.1s
[cell 147] t3|K9|N100|share0.3|tau0.0 2.1s
[cell 148] t3|K9|N100|share0.3|tau0.3 2.2s
[cell 149] t3|K9|N100|share0.5|tau0.0 2.2s
[cell 150] t3|K9|N100|share0.5|tau0.3 2.2s
[cell 151] t3|K9|N100|share0.0|tau0.0 2.2s
[cell 152] t3|K9|N500|share0.1|tau0.0 4.5s
[cell 153] t3|K9|N500|share0.1|tau0.3 4.3s
[cell 154] t3|K9|N500|share0.3|tau0.0 4.4s
[cell 155] t3|K9|N500|share0.3|tau0.3 4.2s
[cell 156] t3|K9|N500|share0.5|tau0.0 4.4s
[cell 157] t3|K9|N500|share0.5|tau0.3 4.4s
[cell 158] t3|K9|N500|share0.0|tau0.0 4.7s
[cell 159] t3|K9|N2000|share0.1|tau0.0 15.0s
[cell 160] t3|K9|N2000|share0.1|tau0.3 14.2s
[cell 161] t3|K9|N2000|share0.3|tau0.0 13.5s
[cell 162] t3|K9|N2000|share0.3|tau0.3 13.3s
[cell 163] t3|K9|N2000|share0.5|tau0.0 13.4s
[cell 164] t3|K9|N2000|share0.5|tau0.3 13.5s
[cell 165] t3|K9|N2000|share0.0|tau0.0 14.3s
[cell 166] t3|K9|Nunequal|share0.1|tau0.0 5.1s
[cell 167] t3|K9|Nunequal|share0.1|tau0.3 5.3s
[cell 168] t3|K9|Nunequal|share0.3|tau0.0 5.2s
[cell 169] t3|K9|Nunequal|share0.3|tau0.3 5.6s
[cell 170] t3|K9|Nunequal|share0.5|tau0.0 5.1s
[cell 171] t3|K9|Nunequal|share0.5|tau0.3 5.3s
[cell 172] t3|K9|Nunequal|share0.0|tau0.0 6.8s
[cell 173] semireal|K9|Ndata|sharenan|taunan 21.0s
[cell 174] semireal|K9|N500|sharenan|taunan 5.4s
[cell 175] normal|K10|N100|share0.1|tau0.0 1.6s
[cell 176] normal|K10|N100|share0.1|tau0.3 1.5s
[cell 177] normal|K10|N100|share0.3|tau0.0 1.7s
[cell 178] normal|K10|N100|share0.3|tau0.3 1.5s
[cell 179] normal|K10|N100|share0.5|tau0.0 1.7s
[cell 180] normal|K10|N100|share0.5|tau0.3 1.6s
[cell 181] normal|K10|N100|share0.0|tau0.0 1.7s
[cell 182] normal|K10|N500|share0.1|tau0.0 3.8s
[cell 183] normal|K10|N500|share0.1|tau0.3 4.1s
[cell 184] normal|K10|N500|share0.3|tau0.0 4.5s
[cell 185] normal|K10|N500|share0.3|tau0.3 3.7s
[cell 186] normal|K10|N500|share0.5|tau0.0 3.7s
[cell 187] normal|K10|N500|share0.5|tau0.3 3.7s
[cell 188] normal|K10|N500|share0.0|tau0.0 4.2s
[cell 189] normal|K10|N2000|share0.1|tau0.0 12.6s
[cell 190] normal|K10|N2000|share0.1|tau0.3 13.0s
[cell 191] normal|K10|N2000|share0.3|tau0.0 12.6s
[cell 192] normal|K10|N2000|share0.3|tau0.3 15.4s
[cell 193] normal|K10|N2000|share0.5|tau0.0 14.9s
[cell 194] normal|K10|N2000|share0.5|tau0.3 13.2s
[cell 195] normal|K10|N2000|share0.0|tau0.0 14.4s
[cell 196] normal|K10|Nunequal|share0.1|tau0.0 4.7s
[cell 197] normal|K10|Nunequal|share0.1|tau0.3 5.0s
[cell 198] normal|K10|Nunequal|share0.3|tau0.0 4.5s
[cell 199] normal|K10|Nunequal|share0.3|tau0.3 4.6s
[cell 200] normal|K10|Nunequal|share0.5|tau0.0 4.3s
[cell 201] normal|K10|Nunequal|share0.5|tau0.3 4.3s
[cell 202] normal|K10|Nunequal|share0.0|tau0.0 4.7s
[cell 203] t3|K10|N100|share0.1|tau0.0 2.3s
[cell 204] t3|K10|N100|share0.1|tau0.3 3.7s
[cell 205] t3|K10|N100|share0.3|tau0.0 2.5s
[cell 206] t3|K10|N100|share0.3|tau0.3 2.3s
[cell 207] t3|K10|N100|share0.5|tau0.0 2.4s
[cell 208] t3|K10|N100|share0.5|tau0.3 2.3s
[cell 209] t3|K10|N100|share0.0|tau0.0 2.5s
[cell 210] t3|K10|N500|share0.1|tau0.0 4.8s
[cell 211] t3|K10|N500|share0.1|tau0.3 5.0s
[cell 212] t3|K10|N500|share0.3|tau0.0 6.0s
[cell 213] t3|K10|N500|share0.3|tau0.3 6.2s
[cell 214] t3|K10|N500|share0.5|tau0.0 4.7s
[cell 215] t3|K10|N500|share0.5|tau0.3 5.2s
[cell 216] t3|K10|N500|share0.0|tau0.0 5.6s
[cell 217] t3|K10|N2000|share0.1|tau0.0 19.0s
[cell 218] t3|K10|N2000|share0.1|tau0.3 18.0s
[cell 219] t3|K10|N2000|share0.3|tau0.0 15.1s
[cell 220] t3|K10|N2000|share0.3|tau0.3 15.3s
[cell 221] t3|K10|N2000|share0.5|tau0.0 15.0s
[cell 222] t3|K10|N2000|share0.5|tau0.3 15.1s
[cell 223] t3|K10|N2000|share0.0|tau0.0 19.6s
[cell 224] t3|K10|Nunequal|share0.1|tau0.0 7.0s
[cell 225] t3|K10|Nunequal|share0.1|tau0.3 7.2s
[cell 226] t3|K10|Nunequal|share0.3|tau0.0 6.9s
[cell 227] t3|K10|Nunequal|share0.3|tau0.3 6.8s
[cell 228] t3|K10|Nunequal|share0.5|tau0.0 6.1s
[cell 229] t3|K10|Nunequal|share0.5|tau0.3 6.6s
[cell 230] t3|K10|Nunequal|share0.0|tau0.0 6.3s
[cell 231] semireal|K10|Ndata|sharenan|taunan 23.9s
[cell 232] semireal|K10|N500|sharenan|taunan 5.7s
[cell 233] normal|K12|N100|share0.1|tau0.0 1.6s
[cell 234] normal|K12|N100|share0.1|tau0.3 1.7s
[cell 235] normal|K12|N100|share0.3|tau0.0 1.7s
[cell 236] normal|K12|N100|share0.3|tau0.3 1.7s
[cell 237] normal|K12|N100|share0.5|tau0.0 1.6s
[cell 238] normal|K12|N100|share0.5|tau0.3 1.6s
[cell 239] normal|K12|N100|share0.0|tau0.0 1.7s
[cell 240] normal|K12|N500|share0.1|tau0.0 5.0s
[cell 241] normal|K12|N500|share0.1|tau0.3 4.5s
[cell 242] normal|K12|N500|share0.3|tau0.0 4.6s
[cell 243] normal|K12|N500|share0.3|tau0.3 5.0s
[cell 244] normal|K12|N500|share0.5|tau0.0 4.8s
[cell 245] normal|K12|N500|share0.5|tau0.3 5.0s
[cell 246] normal|K12|N500|share0.0|tau0.0 5.2s
[cell 247] normal|K12|N2000|share0.1|tau0.0 16.5s
[cell 248] normal|K12|N2000|share0.1|tau0.3 16.4s
[cell 249] normal|K12|N2000|share0.3|tau0.0 16.1s
[cell 250] normal|K12|N2000|share0.3|tau0.3 15.8s
[cell 251] normal|K12|N2000|share0.5|tau0.0 15.5s
[cell 252] normal|K12|N2000|share0.5|tau0.3 15.6s
[cell 253] normal|K12|N2000|share0.0|tau0.0 17.0s
[cell 254] normal|K12|Nunequal|share0.1|tau0.0 6.6s
[cell 255] normal|K12|Nunequal|share0.1|tau0.3 6.0s
[cell 256] normal|K12|Nunequal|share0.3|tau0.0 6.0s
[cell 257] normal|K12|Nunequal|share0.3|tau0.3 6.0s
[cell 258] normal|K12|Nunequal|share0.5|tau0.0 5.9s
[cell 259] normal|K12|Nunequal|share0.5|tau0.3 5.8s
[cell 260] normal|K12|Nunequal|share0.0|tau0.0 5.8s
[cell 261] t3|K12|N100|share0.1|tau0.0 2.4s
[cell 262] t3|K12|N100|share0.1|tau0.3 2.3s
[cell 263] t3|K12|N100|share0.3|tau0.0 2.4s
[cell 264] t3|K12|N100|share0.3|tau0.3 2.3s
[cell 265] t3|K12|N100|share0.5|tau0.0 2.6s
[cell 266] t3|K12|N100|share0.5|tau0.3 2.4s
[cell 267] t3|K12|N100|share0.0|tau0.0 2.4s
[cell 268] t3|K12|N500|share0.1|tau0.0 6.6s
[cell 269] t3|K12|N500|share0.1|tau0.3 6.0s
[cell 270] t3|K12|N500|share0.3|tau0.0 5.9s
[cell 271] t3|K12|N500|share0.3|tau0.3 6.5s
[cell 272] t3|K12|N500|share0.5|tau0.0 6.3s
[cell 273] t3|K12|N500|share0.5|tau0.3 6.0s
[cell 274] t3|K12|N500|share0.0|tau0.0 6.2s
[cell 275] t3|K12|N2000|share0.1|tau0.0 21.5s
[cell 276] t3|K12|N2000|share0.1|tau0.3 18.9s
[cell 277] t3|K12|N2000|share0.3|tau0.0 18.2s
[cell 278] t3|K12|N2000|share0.3|tau0.3 18.3s
[cell 279] t3|K12|N2000|share0.5|tau0.0 17.8s
[cell 280] t3|K12|N2000|share0.5|tau0.3 17.5s
[cell 281] t3|K12|N2000|share0.0|tau0.0 19.2s
[cell 282] t3|K12|Nunequal|share0.1|tau0.0 7.5s
[cell 283] t3|K12|Nunequal|share0.1|tau0.3 7.2s
[cell 284] t3|K12|Nunequal|share0.3|tau0.0 7.0s
[cell 285] t3|K12|Nunequal|share0.3|tau0.3 7.2s
[cell 286] t3|K12|Nunequal|share0.5|tau0.0 7.3s
[cell 287] t3|K12|Nunequal|share0.5|tau0.3 7.2s
[cell 288] t3|K12|Nunequal|share0.0|tau0.0 7.4s
[cell 289] semireal|K12|Ndata|sharenan|taunan 30.1s
[cell 290] semireal|K12|N500|sharenan|taunan 6.0s
[cell 291] normal|K15|N100|share0.1|tau0.0 2.0s
[cell 292] normal|K15|N100|share0.1|tau0.3 2.0s
[cell 293] normal|K15|N100|share0.3|tau0.0 1.9s
[cell 294] normal|K15|N100|share0.3|tau0.3 2.0s
[cell 295] normal|K15|N100|share0.5|tau0.0 2.0s
[cell 296] normal|K15|N100|share0.5|tau0.3 2.0s
[cell 297] normal|K15|N100|share0.0|tau0.0 2.0s
[cell 298] normal|K15|N500|share0.1|tau0.0 6.1s
[cell 299] normal|K15|N500|share0.1|tau0.3 6.6s
[cell 300] normal|K15|N500|share0.3|tau0.0 5.8s
[cell 301] normal|K15|N500|share0.3|tau0.3 6.0s
[cell 302] normal|K15|N500|share0.5|tau0.0 5.9s
[cell 303] normal|K15|N500|share0.5|tau0.3 5.7s
[cell 304] normal|K15|N500|share0.0|tau0.0 6.3s
[cell 305] normal|K15|N2000|share0.1|tau0.0 22.7s
[cell 306] normal|K15|N2000|share0.1|tau0.3 21.1s
[cell 307] normal|K15|N2000|share0.3|tau0.0 19.9s
[cell 308] normal|K15|N2000|share0.3|tau0.3 19.4s
[cell 309] normal|K15|N2000|share0.5|tau0.0 19.5s
[cell 310] normal|K15|N2000|share0.5|tau0.3 20.7s
[cell 311] normal|K15|N2000|share0.0|tau0.0 25.3s
[cell 312] normal|K15|Nunequal|share0.1|tau0.0 8.3s
[cell 313] normal|K15|Nunequal|share0.1|tau0.3 10.4s
[cell 314] normal|K15|Nunequal|share0.3|tau0.0 10.0s
[cell 315] normal|K15|Nunequal|share0.3|tau0.3 9.3s
[cell 316] normal|K15|Nunequal|share0.5|tau0.0 9.0s
[cell 317] normal|K15|Nunequal|share0.5|tau0.3 9.5s
[cell 318] normal|K15|Nunequal|share0.0|tau0.0 12.5s
[cell 319] t3|K15|N100|share0.1|tau0.0 4.2s
[cell 320] t3|K15|N100|share0.1|tau0.3 3.5s
[cell 321] t3|K15|N100|share0.3|tau0.0 4.1s
[cell 322] t3|K15|N100|share0.3|tau0.3 3.9s
[cell 323] t3|K15|N100|share0.5|tau0.0 4.0s
[cell 324] t3|K15|N100|share0.5|tau0.3 4.0s
[cell 325] t3|K15|N100|share0.0|tau0.0 3.2s
[cell 326] t3|K15|N500|share0.1|tau0.0 9.7s
[cell 327] t3|K15|N500|share0.1|tau0.3 8.5s
[cell 328] t3|K15|N500|share0.3|tau0.0 7.2s
[cell 329] t3|K15|N500|share0.3|tau0.3 7.6s
[cell 330] t3|K15|N500|share0.5|tau0.0 7.5s
[cell 331] t3|K15|N500|share0.5|tau0.3 7.3s
[cell 332] t3|K15|N500|share0.0|tau0.0 8.1s
[cell 333] t3|K15|N2000|share0.1|tau0.0 25.6s
[cell 334] t3|K15|N2000|share0.1|tau0.3 24.4s
[cell 335] t3|K15|N2000|share0.3|tau0.0 23.4s
[cell 336] t3|K15|N2000|share0.3|tau0.3 22.9s
[cell 337] t3|K15|N2000|share0.5|tau0.0 22.3s
[cell 338] t3|K15|N2000|share0.5|tau0.3 22.8s
[cell 339] t3|K15|N2000|share0.0|tau0.0 26.3s
[cell 340] t3|K15|Nunequal|share0.1|tau0.0 9.6s
[cell 341] t3|K15|Nunequal|share0.1|tau0.3 8.8s
[cell 342] t3|K15|Nunequal|share0.3|tau0.0 9.2s
[cell 343] t3|K15|Nunequal|share0.3|tau0.3 9.2s
[cell 344] t3|K15|Nunequal|share0.5|tau0.0 9.0s
[cell 345] t3|K15|Nunequal|share0.5|tau0.3 8.5s
[cell 346] t3|K15|Nunequal|share0.0|tau0.0 9.3s
[cell 347] semireal|K15|Ndata|sharenan|taunan 34.8s
[cell 348] semireal|K15|N500|sharenan|taunan 7.4s
[cell 349] normal|K20|N100|share0.1|tau0.0 2.7s
[cell 350] normal|K20|N100|share0.1|tau0.3 2.7s
[cell 351] normal|K20|N100|share0.3|tau0.0 2.6s
[cell 352] normal|K20|N100|share0.3|tau0.3 2.7s
[cell 353] normal|K20|N100|share0.5|tau0.0 2.3s
[cell 354] normal|K20|N100|share0.5|tau0.3 2.7s
[cell 355] normal|K20|N100|share0.0|tau0.0 2.6s
[cell 356] normal|K20|N500|share0.1|tau0.0 9.0s
[cell 357] normal|K20|N500|share0.1|tau0.3 9.3s
[cell 358] normal|K20|N500|share0.3|tau0.0 8.4s
[cell 359] normal|K20|N500|share0.3|tau0.3 8.6s
[cell 360] normal|K20|N500|share0.5|tau0.0 8.1s
[cell 361] normal|K20|N500|share0.5|tau0.3 7.9s
[cell 362] normal|K20|N500|share0.0|tau0.0 8.9s
[cell 363] normal|K20|N2000|share0.1|tau0.0 28.0s
[cell 364] normal|K20|N2000|share0.1|tau0.3 27.6s
[cell 365] normal|K20|N2000|share0.3|tau0.0 28.5s
[cell 366] normal|K20|N2000|share0.3|tau0.3 29.0s
[cell 367] normal|K20|N2000|share0.5|tau0.0 35.1s
