selftest within_full: {'n_draws': 400, 'max_endpoint_residual': np.float64(3.552713678800501e-15), 'n_grid_points': 1600400, 'n_mismatch': 0}
Loaded 378817 rows from /work/users/w/e/weiyang/hest_replication/results/round5/conformal/W2_ghcp_settings/part2/input/data/acs_data_all50states.csv
After filtering to 1 specified states: 378817 rows
After filtering to foreign-born: 98793 rows
After age filter [25, 54]: 51615 rows
After recent entry filter (YOEP >= 2000): 22893 rows
After labor force filter (hours >= 40): 13707 rows
After requiring non-missing income: 13707 rows
After dropping non-positive income: 13700 rows
After dropping missings in key columns: 12285 rows

Final state counts:
state_abb
CA    12285
Name: count, dtype: int64
cohort rows 12285, PUMAs 265, eligible (>=21) 212
  100/500  1246s
  200/500  2515s
  300/500  3734s
  400/500  4989s
  500/500  6234s
          method   o  alpha  n_puma  n_rep  coverage  coverage_se  finite_n  width_mean_finite  width_median_finite  expected_cov  exact_cov_mean  interval_share
0           GHCP   0    0.2      20    500     0.864     0.015330       500      140625.449942        138243.509938           NaN             NaN             NaN
1           GHCP   2    0.2      20    500     0.870     0.015040       500      133122.611023        130447.345295           NaN             NaN             NaN
2           GHCP   5    0.2      20    500     0.862     0.015424       500      125794.792098        123634.634685           NaN             NaN             NaN
3           GHCP   8    0.2      20    500     0.862     0.015424       500      119246.572590        117269.861879           NaN             NaN             NaN
4           GHCP   9    0.2      20    500     0.866     0.015234       500      118011.106614        116860.566313           NaN             NaN             NaN
5           GHCP  10    0.2      20    500     0.864     0.015330       500      115505.349092        114165.319946           NaN             NaN             NaN
6           GHCP  12    0.2      20    500     0.856     0.015701       500      112519.877045        110907.544255           NaN             NaN             NaN
7           GHCP  15    0.2      20    500     0.846     0.016142       500      108979.004514        108348.968330           NaN             NaN             NaN
8           GHCP  17    0.2      20    500     0.844     0.016227       500      106451.017408        105229.574764           NaN             NaN             NaN
9           GHCP  20    0.2      20    500     0.836     0.016559       500      102935.216255        101679.690296           NaN             NaN             NaN
10           HCP   0    0.2      20    500     0.864     0.015330       500      140261.895839        138409.549488           NaN             NaN             NaN
11           HCP   2    0.2      20    500     0.864     0.015330       500      140261.895839        138409.549488           NaN             NaN             NaN
12           HCP   5    0.2      20    500     0.864     0.015330       500      140261.895839        138409.549488           NaN             NaN             NaN
13           HCP   8    0.2      20    500     0.864     0.015330       500      140261.895839        138409.549488           NaN             NaN             NaN
14           HCP   9    0.2      20    500     0.864     0.015330       500      140261.895839        138409.549488           NaN             NaN             NaN
15           HCP  10    0.2      20    500     0.864     0.015330       500      140261.895839        138409.549488           NaN             NaN             NaN
16           HCP  12    0.2      20    500     0.864     0.015330       500      140261.895839        138409.549488           NaN             NaN             NaN
17           HCP  15    0.2      20    500     0.864     0.015330       500      140261.895839        138409.549488           NaN             NaN             NaN
18           HCP  17    0.2      20    500     0.864     0.015330       500      140261.895839        138409.549488           NaN             NaN             NaN
19           HCP  20    0.2      20    500     0.864     0.015330       500      140261.895839        138409.549488           NaN             NaN             NaN
20        Std-CP   0    0.2      20    500     1.000     0.000000         0                NaN                  NaN           NaN             NaN             NaN
21        Std-CP   2    0.2      20    500     0.814     0.017401       204      100078.137255         57800.000000           NaN             NaN             NaN
22        Std-CP   5    0.2      20    500     0.816     0.017329       407      132808.510565         91280.000000           NaN             NaN             NaN
23        Std-CP   8    0.2      20    500     0.824     0.017031       500      151112.436400        101985.000000           NaN             NaN             NaN
24        Std-CP   9    0.2      20    500     0.808     0.017615       500      160943.848200        101891.750000           NaN             NaN             NaN
25        Std-CP  10    0.2      20    500     0.804     0.017753       500      150702.542080         96932.000000           NaN             NaN             NaN
26        Std-CP  12    0.2      20    500     0.828     0.016877       500      144430.412533         99628.666667           NaN             NaN             NaN
27        Std-CP  15    0.2      20    500     0.814     0.017401       500      127213.304571         97654.285714           NaN             NaN             NaN
28        Std-CP  17    0.2      20    500     0.812     0.017473       500      117100.997900         93780.200000           NaN             NaN             NaN
29        Std-CP  20    0.2      20    500     0.818     0.017255       500      110759.612240         93602.400000           NaN             NaN             NaN
30   within_full   2    0.2      20    500     1.000     0.000000         0                NaN                  NaN      1.000000           1.000             1.0
31   within_full   5    0.2      20    500     0.836     0.016559       500      155564.628243        117408.766468      0.833333           0.836             1.0
32   within_full   8    0.2      20    500     0.906     0.013051       500      196645.880074        143143.993816      0.888889           0.906             1.0
33   within_full   9    0.2      20    500     0.812     0.017473       500      116498.178480         97296.212440      0.800000           0.812             1.0
34   within_full  10    0.2      20    500     0.830     0.016799       500      121807.415026        101689.248449      0.818182           0.830             1.0
35   within_full  12    0.2      20    500     0.864     0.015330       500      132890.387756        112885.145268      0.846154           0.864             1.0
36   within_full  15    0.2      20    500     0.838     0.016478       500      112441.248490         99013.206767      0.812500           0.838             1.0
37   within_full  17    0.2      20    500     0.854     0.015791       500      117976.368202        108645.923420      0.833333           0.854             1.0
38   within_full  20    0.2      20    500     0.826     0.016954       500      106174.489979         99280.188496      0.809524           0.826             1.0
39  within_plain   2    0.2      20    500     1.000     0.000000         0                NaN                  NaN      1.000000             NaN             NaN
40  within_plain   5    0.2      20    500     0.818     0.017255       500      154374.573552        120063.819558      0.833333             NaN             NaN
41  within_plain   8    0.2      20    500     0.894     0.013767       500      202400.526316        157270.496607      0.888889             NaN             NaN
42  within_plain   9    0.2      20    500     0.798     0.017955       500      117307.383601         99932.674715      0.800000             NaN             NaN
43  within_plain  10    0.2      20    500     0.812     0.017473       500      124868.765084        107589.225520      0.818182             NaN             NaN
44  within_plain  12    0.2      20    500     0.846     0.016142       500      138293.975551        120728.414118      0.846154             NaN             NaN
45  within_plain  15    0.2      20    500     0.802     0.017821       500      113943.285040        101278.559221      0.812500             NaN             NaN
46  within_plain  17    0.2      20    500     0.822     0.017106       500      122094.303588        112935.040588      0.833333             NaN             NaN
47  within_plain  20    0.2      20    500     0.802     0.017821       500      111439.412599        103243.140089      0.809524             NaN             NaN
