regcomp cell 1 regcomp|A|B2400|unit|nL4|m600 11s
regcomp cell 2 regcomp|A|B2400|unit|nL6|m400 23s
regcomp cell 3 regcomp|A|B2400|unit|nL8|m300 35s
regcomp cell 4 regcomp|A|B2400|unit|nL12|m200 47s
regcomp cell 5 regcomp|B|B2400|unit|nL24|mprop 103s
regcomp cell 6 regcomp|B|B2200.0|cd_cs_10_vs_A_nL4_B2400|nL24|mprop 157s
regcomp cell 7 regcomp|B|B2220.0|cd_cs_10_vs_A_nL6_B2400|nL24|mprop 211s
regcomp cell 8 regcomp|B|B2240.0|cd_cs_10_vs_A_nL8_B2400|nL24|mprop 266s
regcomp cell 9 regcomp|B|B2280.0|cd_cs_10_vs_A_nL12_B2400|nL24|mprop 320s
regcomp cell 10 regcomp|B|B400.0|cd_cs_100_vs_A_nL4_B2400|nL24|mprop 367s
regcomp cell 11 regcomp|B|B600.0|cd_cs_100_vs_A_nL6_B2400|nL24|mprop 415s
regcomp cell 12 regcomp|B|B800.0|cd_cs_100_vs_A_nL8_B2400|nL24|mprop 463s
regcomp cell 13 regcomp|B|B1200.0|cd_cs_100_vs_A_nL12_B2400|nL24|mprop 514s
regcomp cell 14 regcomp|A|B4800|unit|nL4|m1200 536s
regcomp cell 15 regcomp|A|B4800|unit|nL6|m800 558s
regcomp cell 16 regcomp|A|B4800|unit|nL8|m600 581s
regcomp cell 17 regcomp|A|B4800|unit|nL12|m400 603s
regcomp cell 18 regcomp|B|B4800|unit|nL24|mprop 674s
regcomp cell 19 regcomp|B|B4600.0|cd_cs_10_vs_A_nL4_B4800|nL24|mprop 745s
regcomp cell 20 regcomp|B|B4620.0|cd_cs_10_vs_A_nL6_B4800|nL24|mprop 817s
regcomp cell 21 regcomp|B|B4640.0|cd_cs_10_vs_A_nL8_B4800|nL24|mprop 887s
regcomp cell 22 regcomp|B|B4680.0|cd_cs_10_vs_A_nL12_B4800|nL24|mprop 957s
regcomp cell 23 regcomp|B|B2800.0|cd_cs_100_vs_A_nL4_B4800|nL24|mprop 1015s
regcomp cell 24 regcomp|B|B3000.0|cd_cs_100_vs_A_nL6_B4800|nL24|mprop 1075s
regcomp cell 25 regcomp|B|B3200.0|cd_cs_100_vs_A_nL8_B4800|nL24|mprop 1136s
regcomp cell 26 regcomp|B|B3600.0|cd_cs_100_vs_A_nL12_B4800|nL24|mprop 1200s
regcomp cell 27 regcomp|A|B9600|unit|nL4|m2400 1233s
regcomp cell 28 regcomp|A|B9600|unit|nL6|m1600 1271s
regcomp cell 29 regcomp|A|B9600|unit|nL8|m1200 1310s
regcomp cell 30 regcomp|A|B9600|unit|nL12|m800 1352s
regcomp cell 31 regcomp|B|B9600|unit|nL24|mprop 1455s
regcomp cell 32 regcomp|B|B9400.0|cd_cs_10_vs_A_nL4_B9600|nL24|mprop 1568s
regcomp cell 33 regcomp|B|B9420.0|cd_cs_10_vs_A_nL6_B9600|nL24|mprop 1682s
regcomp cell 34 regcomp|B|B9440.0|cd_cs_10_vs_A_nL8_B9600|nL24|mprop 1794s
regcomp cell 35 regcomp|B|B9480.0|cd_cs_10_vs_A_nL12_B9600|nL24|mprop 1908s
regcomp cell 36 regcomp|B|B7600.0|cd_cs_100_vs_A_nL4_B9600|nL24|mprop 2008s
regcomp cell 37 regcomp|B|B7800.0|cd_cs_100_vs_A_nL6_B9600|nL24|mprop 2111s
regcomp cell 38 regcomp|B|B8000.0|cd_cs_100_vs_A_nL8_B9600|nL24|mprop 2213s
regcomp cell 39 regcomp|B|B8400.0|cd_cs_100_vs_A_nL12_B9600|nL24|mprop 2317s
part regcomp done 2319s
exit=0
