regcomp cell 1 regcomp|A|B2400|unit|nL4|m600 62s
regcomp cell 2 regcomp|A|B2400|unit|nL6|m400 124s
regcomp cell 3 regcomp|A|B2400|unit|nL8|m300 191s
regcomp cell 4 regcomp|A|B2400|unit|nL12|m200 247s
regcomp cell 5 regcomp|B|B2400|unit|nL24|mprop 361s
regcomp cell 6 regcomp|B|B2200.0|cd_cs_10_vs_A_nL4_B2400|nL24|mprop 483s
regcomp cell 7 regcomp|B|B2220.0|cd_cs_10_vs_A_nL6_B2400|nL24|mprop 620s
regcomp cell 8 regcomp|B|B2240.0|cd_cs_10_vs_A_nL8_B2400|nL24|mprop 732s
regcomp cell 9 regcomp|B|B2280.0|cd_cs_10_vs_A_nL12_B2400|nL24|mprop 833s
regcomp cell 10 regcomp|B|B400.0|cd_cs_100_vs_A_nL4_B2400|nL24|mprop 903s
regcomp cell 11 regcomp|B|B600.0|cd_cs_100_vs_A_nL6_B2400|nL24|mprop 974s
regcomp cell 12 regcomp|B|B800.0|cd_cs_100_vs_A_nL8_B2400|nL24|mprop 1045s
regcomp cell 13 regcomp|B|B1200.0|cd_cs_100_vs_A_nL12_B2400|nL24|mprop 1124s
regcomp cell 14 regcomp|A|B4800|unit|nL4|m1200 1208s
regcomp cell 15 regcomp|A|B4800|unit|nL6|m800 1287s
regcomp cell 16 regcomp|A|B4800|unit|nL8|m600 1361s
regcomp cell 17 regcomp|A|B4800|unit|nL12|m400 1433s
regcomp cell 18 regcomp|B|B4800|unit|nL24|mprop 1592s
regcomp cell 19 regcomp|B|B4600.0|cd_cs_10_vs_A_nL4_B4800|nL24|mprop 1751s
regcomp cell 20 regcomp|B|B4620.0|cd_cs_10_vs_A_nL6_B4800|nL24|mprop 1918s
regcomp cell 21 regcomp|B|B4640.0|cd_cs_10_vs_A_nL8_B4800|nL24|mprop 2066s
regcomp cell 22 regcomp|B|B4680.0|cd_cs_10_vs_A_nL12_B4800|nL24|mprop 2210s
regcomp cell 23 regcomp|B|B2800.0|cd_cs_100_vs_A_nL4_B4800|nL24|mprop 2323s
regcomp cell 24 regcomp|B|B3000.0|cd_cs_100_vs_A_nL6_B4800|nL24|mprop 2450s
regcomp cell 25 regcomp|B|B3200.0|cd_cs_100_vs_A_nL8_B4800|nL24|mprop 2582s
regcomp cell 26 regcomp|B|B3600.0|cd_cs_100_vs_A_nL12_B4800|nL24|mprop 2767s
regcomp cell 27 regcomp|A|B9600|unit|nL4|m2400 2943s
regcomp cell 28 regcomp|A|B9600|unit|nL6|m1600 3122s
regcomp cell 29 regcomp|A|B9600|unit|nL8|m1200 3318s
regcomp cell 30 regcomp|A|B9600|unit|nL12|m800 3591s
regcomp cell 31 regcomp|B|B9600|unit|nL24|mprop 4025s
regcomp cell 32 regcomp|B|B9400.0|cd_cs_10_vs_A_nL4_B9600|nL24|mprop 4402s
regcomp cell 33 regcomp|B|B9420.0|cd_cs_10_vs_A_nL6_B9600|nL24|mprop 4651s
regcomp cell 34 regcomp|B|B9440.0|cd_cs_10_vs_A_nL8_B9600|nL24|mprop 4842s
regcomp cell 35 regcomp|B|B9480.0|cd_cs_10_vs_A_nL12_B9600|nL24|mprop 5061s
regcomp cell 36 regcomp|B|B7600.0|cd_cs_100_vs_A_nL4_B9600|nL24|mprop 5210s
regcomp cell 37 regcomp|B|B7800.0|cd_cs_100_vs_A_nL6_B9600|nL24|mprop 5387s
regcomp cell 38 regcomp|B|B8000.0|cd_cs_100_vs_A_nL8_B9600|nL24|mprop 5528s
regcomp cell 39 regcomp|B|B8400.0|cd_cs_100_vs_A_nL12_B9600|nL24|mprop 5686s
part regcomp done 5690s
exit=0
