selftest within_full: {'n_draws': 400, 'max_endpoint_residual': np.float64(3.552713678800501e-15), 'n_grid_points': 1600400, 'n_mismatch': 0}
Loaded 378817 rows from /work/users/w/e/weiyang/hest_replication/results/round5/conformal/W2_ghcp_settings/part2/input/data/acs_data_all50states.csv
After filtering to 1 specified states: 378817 rows
After filtering to foreign-born: 98793 rows
After age filter [25, 54]: 51615 rows
After recent entry filter (YOEP >= 2000): 22893 rows
After labor force filter (hours >= 40): 13707 rows
After requiring non-missing income: 13707 rows
After dropping non-positive income: 13700 rows
After dropping missings in key columns: 12285 rows

Final state counts:
state_abb
CA    12285
Name: count, dtype: int64
cohort rows 12285, PUMAs 265, eligible (>=21) 212
  100/500  2094s
  200/500  4151s
  300/500  6228s
  400/500  8236s
  500/500  10171s
          method   o  alpha  n_puma  n_rep  coverage  coverage_se  finite_n  width_mean_finite  width_median_finite  expected_cov  exact_cov_mean  interval_share
0           GHCP   0    0.2      30    500     0.866     0.015234       500      125717.134134        124450.890404           NaN             NaN             NaN
1           GHCP   2    0.2      30    500     0.858     0.015610       500      121321.608694        120521.828392           NaN             NaN             NaN
2           GHCP   5    0.2      30    500     0.858     0.015610       500      116573.995703        115313.711319           NaN             NaN             NaN
3           GHCP   8    0.2      30    500     0.852     0.015881       500      110994.537135        110792.867550           NaN             NaN             NaN
4           GHCP   9    0.2      30    500     0.850     0.015969       500      110108.350076        109253.439133           NaN             NaN             NaN
5           GHCP  10    0.2      30    500     0.840     0.016395       500      108250.636392        107623.784049           NaN             NaN             NaN
6           GHCP  12    0.2      30    500     0.834     0.016640       500      106141.857523        105473.232018           NaN             NaN             NaN
7           GHCP  15    0.2      30    500     0.826     0.016954       500      102804.530773        102740.641358           NaN             NaN             NaN
8           GHCP  17    0.2      30    500     0.838     0.016478       500      101117.409420        100326.941297           NaN             NaN             NaN
9           GHCP  20    0.2      30    500     0.824     0.017031       500       98511.220351         97771.912791           NaN             NaN             NaN
10           HCP   0    0.2      30    500     0.864     0.015330       500      125370.518603        124369.952963           NaN             NaN             NaN
11           HCP   2    0.2      30    500     0.864     0.015330       500      125370.518603        124369.952963           NaN             NaN             NaN
12           HCP   5    0.2      30    500     0.864     0.015330       500      125370.518603        124369.952963           NaN             NaN             NaN
13           HCP   8    0.2      30    500     0.864     0.015330       500      125370.518603        124369.952963           NaN             NaN             NaN
14           HCP   9    0.2      30    500     0.864     0.015330       500      125370.518603        124369.952963           NaN             NaN             NaN
15           HCP  10    0.2      30    500     0.864     0.015330       500      125370.518603        124369.952963           NaN             NaN             NaN
16           HCP  12    0.2      30    500     0.864     0.015330       500      125370.518603        124369.952963           NaN             NaN             NaN
17           HCP  15    0.2      30    500     0.864     0.015330       500      125370.518603        124369.952963           NaN             NaN             NaN
18           HCP  17    0.2      30    500     0.864     0.015330       500      125370.518603        124369.952963           NaN             NaN             NaN
19           HCP  20    0.2      30    500     0.864     0.015330       500      125370.518603        124369.952963           NaN             NaN             NaN
20        Std-CP   0    0.2      30    500     1.000     0.000000         0                NaN                  NaN           NaN             NaN             NaN
21        Std-CP   2    0.2      30    500     0.810     0.017544       204      103418.431373         64980.000000           NaN             NaN             NaN
22        Std-CP   5    0.2      30    500     0.834     0.016640       407      155999.877150        110804.800000           NaN             NaN             NaN
23        Std-CP   8    0.2      30    500     0.812     0.017473       500      161711.533600        116067.500000           NaN             NaN             NaN
24        Std-CP   9    0.2      30    500     0.836     0.016559       500      169723.212400        118763.750000           NaN             NaN             NaN
25        Std-CP  10    0.2      30    500     0.810     0.017544       500      168854.970080        113568.000000           NaN             NaN             NaN
26        Std-CP  12    0.2      30    500     0.832     0.016720       500      170718.711333        108978.000000           NaN             NaN             NaN
27        Std-CP  15    0.2      30    500     0.828     0.016877       500      151024.820343        104177.142857           NaN             NaN             NaN
28        Std-CP  17    0.2      30    500     0.834     0.016640       500      131475.775800         98845.000000           NaN             NaN             NaN
29        Std-CP  20    0.2      30    500     0.828     0.016877       500      131692.485200         97780.000000           NaN             NaN             NaN
30   within_full   2    0.2      30    500     1.000     0.000000         0                NaN                  NaN      1.000000           1.000             1.0
31   within_full   5    0.2      30    500     0.848     0.016056       500      181817.564653        124424.086324      0.833333           0.848             1.0
32   within_full   8    0.2      30    500     0.896     0.013652       500      215592.760065        157016.235261      0.888889           0.896             1.0
33   within_full   9    0.2      30    500     0.802     0.017821       500      129082.730407        110710.838401      0.800000           0.802             1.0
34   within_full  10    0.2      30    500     0.826     0.016954       500      134652.333912        115809.589286      0.818182           0.826             1.0
35   within_full  12    0.2      30    500     0.848     0.016056       500      145405.701699        125211.278498      0.846154           0.848             1.0
36   within_full  15    0.2      30    500     0.830     0.016799       500      122769.582054        105768.416744      0.812500           0.830             1.0
37   within_full  17    0.2      30    500     0.848     0.016056       500      129883.991068        113379.304883      0.833333           0.848             1.0
38   within_full  20    0.2      30    500     0.832     0.016720       500      115393.025231        101985.751981      0.809524           0.832             1.0
39  within_plain   2    0.2      30    500     1.000     0.000000         0                NaN                  NaN      1.000000             NaN             NaN
40  within_plain   5    0.2      30    500     0.852     0.015881       500      182078.248111        132743.539777      0.833333             NaN             NaN
41  within_plain   8    0.2      30    500     0.892     0.013881       500      220280.060152        164229.787459      0.888889             NaN             NaN
42  within_plain   9    0.2      30    500     0.828     0.016877       500      129469.946688        111891.943079      0.800000             NaN             NaN
43  within_plain  10    0.2      30    500     0.848     0.016056       500      136212.499417        119490.327830      0.818182             NaN             NaN
44  within_plain  12    0.2      30    500     0.864     0.015330       500      150532.311164        131485.394963      0.846154             NaN             NaN
45  within_plain  15    0.2      30    500     0.824     0.017031       500      128452.358411        112412.341505      0.812500             NaN             NaN
46  within_plain  17    0.2      30    500     0.856     0.015701       500      137531.168114        121423.518483      0.833333             NaN             NaN
47  within_plain  20    0.2      30    500     0.828     0.016877       500      120107.875604        107637.723210      0.809524             NaN             NaN
