/work/users/w/e/weiyang/hest_code/round5-ppi_snapshots/9185bc6be157ee9c62d8d1067e5ad9e14f53984e/code/scripts/round5_ppi_e4b_rejective.py:118: RuntimeWarning: Mean of empty slice
  mv = np.nanmean(v, 0)
/work/users/w/e/weiyang/hest_code/round5-ppi_snapshots/9185bc6be157ee9c62d8d1067e5ad9e14f53984e/code/scripts/round5_ppi_e4b_rejective.py:119: RuntimeWarning: Mean of empty slice
  w = np.nanmean(2 * q * se, 0)
	Command being timed: "/work/users/w/e/weiyang/hest_replication/env/miniforge3/envs/hest/bin/python /work/users/w/e/weiyang/hest_code/round5-ppi_snapshots/9185bc6be157ee9c62d8d1067e5ad9e14f53984e/code/scripts/round5_ppi_run.py --snapshot-dir /work/users/w/e/weiyang/hest_code/round5-ppi_snapshots/9185bc6be157ee9c62d8d1067e5ad9e14f53984e --out-dir /work/users/w/e/weiyang/hest_replication/results/round5/ppi/E4b_rejective/LUNG_XENIUM/hoptimus0/theta2_nL6 --unit LUNG_XENIUM --stage E4b --frame-id 1ced51e2-8b37-4848-935c-97525647d387 -- round5_ppi_e4b_rejective.py --parquet /work/users/w/e/weiyang/hest_replication/results/round4/ppi/Q2_theory/predictions/b1_predictions__LUNG_XENIUM__hoptimus0.parquet --perm-parquet /work/users/w/e/weiyang/hest_replication/results/round4/ppi/Q2_theory/predictions/b1_predictions__LUNG_XENIUM__resnet50.parquet --ref-parquet /work/users/w/e/weiyang/hest_replication/results/round4/ppi/Q2_theory/predictions/b1_predictions__LUNG_XENIUM__resnet50.parquet --ref-arm resnet50 --vtag LUNG_XENIUM --arm hoptimus0 --estimands theta2 --nl-grid 6 --out-dir ."
	User time (seconds): 675.22
	System time (seconds): 12.84
	Percent of CPU this job got: 97%
	Elapsed (wall clock) time (h:mm:ss or m:ss): 11:44.35
	Average shared text size (kbytes): 0
	Average unshared data size (kbytes): 0
	Average stack size (kbytes): 0
	Average total size (kbytes): 0
	Maximum resident set size (kbytes): 1762620
	Average resident set size (kbytes): 0
	Major (requiring I/O) page faults: 1161
	Minor (reclaiming a frame) page faults: 851849
	Voluntary context switches: 14759
	Involuntary context switches: 536
	Swaps: 0
	File system inputs: 213488
	File system outputs: 44408
	Socket messages sent: 0
	Socket messages received: 0
	Signals delivered: 0
	Page size (bytes): 4096
	Exit status: 0
