10
                                     check         value       tol passed                                                note
0                          1_rows_compared  1.531200e+04       NaN   True                             0 expected rows missing
1                  1_max_abs_diff_coverage  0.000000e+00  0.000100   True                                                 NaN
2                     1_max_rel_diff_price  8.561087e-16  0.000001   True                                                 NaN
3             1_max_abs_diff_frac_infinite  0.000000e+00  0.000000   True                                                 NaN
4       2_within_plain_finite_from_o9_a0.1  0.000000e+00  0.000000   True                                           8880 rows
5       2_within_plain_finite_from_o4_a0.2  0.000000e+00  0.000000   True                                           8880 rows
6            2_within_finite_from_o17_a0.1  0.000000e+00  0.000000   True                                           8880 rows
7             2_within_finite_from_o7_a0.2  0.000000e+00  0.000000   True                                           8880 rows
8        4_within_full_finite_from_o9_a0.1  0.000000e+00  0.000000   True                                           8880 rows
9        4_within_full_finite_from_o4_a0.2  0.000000e+00  0.000000   True                                           8880 rows
10                 3_within_cov_within_3se  2.600000e+01  0.000000  False  11840 cells; 32.0 expected by chance; max |z| 3.60
11           3_within_plain_cov_within_3se  5.200000e+01  0.000000  False  15540 cells; 42.0 expected by chance; max |z| 4.80
12      4_within_full_exact_cov_within_3se  3.400000e+01  0.000000  False  15540 cells; 42.0 expected by chance; max |z| 5.27
13     4_within_full_frac_not_interval_max  0.000000e+00       NaN    NaN   share of replicates whose set is not one interval
14  4_within_full_hull_minus_exact_cov_max  4.440892e-16       NaN    NaN                                                 NaN
total 52254
-rw-r--r-- 1 weiyang users      720 Oct  7 21:47 cmd.sh
-rw-r--r-- 1 weiyang users   129512 Oct  7 21:48 fig_w1_map.png
-rw-r--r-- 1 weiyang users     1677 Oct  7 21:47 job.sh
drwxr-xr-x 2 weiyang users     4096 Oct  7 21:47 _lock
-rw-r--r-- 1 weiyang users       18 Oct  7 21:48 _pgid
-rw-r--r-- 1 weiyang users      341 Oct  7 21:48 _provenance.json
-rw-r--r-- 1 weiyang users     2270 Oct  7 21:48 PROVENANCE.txt
-rw-r--r-- 1 weiyang users    13720 Oct  7 21:47 round5_conf_w1_merge.py
-rw-r--r-- 1 weiyang users     2019 Oct  7 21:48 slurm-4215431.out
-rw-r--r-- 1 weiyang users       24 Oct  7 21:47 _staged
-rw-r--r-- 1 weiyang users       52 Oct  7 21:48 _status.json
-rw-r--r-- 1 weiyang users      152 Oct  7 21:47 _submitted
-rw-r--r-- 1 weiyang users      999 Oct  7 21:48 w1_acceptance.csv
-rw-r--r-- 1 weiyang users  5194590 Oct  7 21:48 w1_coverage_z.csv
-rw-r--r-- 1 weiyang users 42036250 Oct  7 21:48 w1_grid.csv
-rw-r--r-- 1 weiyang users      149 Oct  7 21:48 w1_merge_checks.csv
-rw-r--r-- 1 weiyang users  4734989 Oct  7 21:48 w1_narrowest_valid.csv
-rw-r--r-- 1 weiyang users    69923 Oct  7 21:48 w1_predictions.csv
-rw-r--r-- 1 weiyang users     1326 Oct  7 21:48 w1_report_numbers.csv
-rw-r--r-- 1 weiyang users  1313714 Oct  7 21:48 w1_within_full_shape.csv
