	Command being timed: "/work/users/w/e/weiyang/hest_replication/env/miniforge3/envs/hest/bin/python /work/users/w/e/weiyang/hest_code/round5-ppi_snapshots/3f037ccb569449ac7a966c1960747cca1cc8ada8/code/scripts/round5_ppi_run.py --snapshot-dir /work/users/w/e/weiyang/hest_code/round5-ppi_snapshots/3f037ccb569449ac7a966c1960747cca1cc8ada8 --out-dir /work/users/w/e/weiyang/hest_replication/results/round5/ppi/E4_selection/LUNG_XENIUM/permuted --unit LUNG_XENIUM --stage E4 --inputs /work/users/w/e/weiyang/hest_replication/results/round4/ppi/Q2_theory/predictions/b1_predictions__LUNG_XENIUM__resnet50.parquet,/work/users/w/e/weiyang/hest_replication/results/round4/ppi/Q2_theory/predictions/b1_predictions__LUNG_XENIUM__resnet50.parquet -- round5_ppi_e4_selection.py --parquet /work/users/w/e/weiyang/hest_replication/results/round4/ppi/Q2_theory/predictions/b1_predictions__LUNG_XENIUM__resnet50.parquet --perm-parquet /work/users/w/e/weiyang/hest_replication/results/round4/ppi/Q2_theory/predictions/b1_predictions__LUNG_XENIUM__resnet50.parquet --vtag LUNG_XENIUM --arm permuted --draws 200 --n-cand 2000 --nl-grid 4,6,8,12 --out-dir ."
	User time (seconds): 599.86
	System time (seconds): 31.85
	Percent of CPU this job got: 98%
	Elapsed (wall clock) time (h:mm:ss or m:ss): 10:41.19
	Average shared text size (kbytes): 0
	Average unshared data size (kbytes): 0
	Average stack size (kbytes): 0
	Average total size (kbytes): 0
	Maximum resident set size (kbytes): 5379284
	Average resident set size (kbytes): 0
	Major (requiring I/O) page faults: 147
	Minor (reclaiming a frame) page faults: 529939
	Voluntary context switches: 15886
	Involuntary context switches: 838
	Swaps: 0
	File system inputs: 140688
	File system outputs: 15432
	Socket messages sent: 0
	Socket messages received: 0
	Signals delivered: 0
	Page size (bytes): 4096
	Exit status: 0
