/work/users/w/e/weiyang/hest_code/round5-ppi_snapshots/f3fb87699dd336377e1f1fefef22cbb9932f0de0/code/scripts/round5_ppi_e3_twolevel.py:463: RuntimeWarning: All-NaN slice encountered
  max_rel_var=float(np.nanmax(np.abs(o["var"] / var - 1)))))
/work/users/w/e/weiyang/hest_code/round5-ppi_snapshots/f3fb87699dd336377e1f1fefef22cbb9932f0de0/code/scripts/round4_ppi_q2_masking.py:362: RuntimeWarning: All-NaN slice encountered
  width_ratio_median=float(np.nanmedian(w[ok] / wc[ok])) if ok.any() else np.nan,
/work/users/w/e/weiyang/hest_code/round5-ppi_snapshots/f3fb87699dd336377e1f1fefef22cbb9932f0de0/code/scripts/round4_ppi_q2_masking.py:363: RuntimeWarning: All-NaN slice encountered
  emp_var_ratio_median=float(np.nanmedian(ev[ok] / evc[ok])) if ok.any() else np.nan,
	Command being timed: "/work/users/w/e/weiyang/hest_replication/env/miniforge3/envs/hest/bin/python /work/users/w/e/weiyang/hest_code/round5-ppi_snapshots/f3fb87699dd336377e1f1fefef22cbb9932f0de0/code/scripts/round5_ppi_run.py --snapshot-dir /work/users/w/e/weiyang/hest_code/round5-ppi_snapshots/f3fb87699dd336377e1f1fefef22cbb9932f0de0 --out-dir /work/users/w/e/weiyang/hest_replication/results/round5/ppi/E3_twolevel/INDIANA_KIDNEY/hoptimus0__accept --unit INDIANA_KIDNEY --stage E3 --inputs /work/users/w/e/weiyang/hest_replication/results/round4/ppi/Q2_theory/predictions_INDIANA_KIDNEY/b1_predictions__INDIANA_KIDNEY__hoptimus0.parquet -- round5_ppi_e3_twolevel.py --parquet /work/users/w/e/weiyang/hest_replication/results/round4/ppi/Q2_theory/predictions_INDIANA_KIDNEY/b1_predictions__INDIANA_KIDNEY__hoptimus0.parquet --vtag INDIANA_KIDNEY --arm hoptimus0 --parts accept --draws 200 --out-dir ."
	User time (seconds): 755.14
	System time (seconds): 59.27
	Percent of CPU this job got: 98%
	Elapsed (wall clock) time (h:mm:ss or m:ss): 13:50.67
	Average shared text size (kbytes): 0
	Average unshared data size (kbytes): 0
	Average stack size (kbytes): 0
	Average total size (kbytes): 0
	Maximum resident set size (kbytes): 606508
	Average resident set size (kbytes): 0
	Major (requiring I/O) page faults: 1595
	Minor (reclaiming a frame) page faults: 16144567
	Voluntary context switches: 18828
	Involuntary context switches: 1127
	Swaps: 0
	File system inputs: 66376
	File system outputs: 688
	Socket messages sent: 0
	Socket messages received: 0
	Signals delivered: 0
	Page size (bytes): 4096
	Exit status: 0
