/work/users/w/e/weiyang/hest_code/round5-ppi_snapshots/f3fb87699dd336377e1f1fefef22cbb9932f0de0/code/scripts/round5_ppi_e3_twolevel.py:165: RuntimeWarning: All-NaN slice encountered
  return (float(np.nanmax(np.abs(th["C_ppi"][0] - th["C_classical"][0]))),
/work/users/w/e/weiyang/hest_code/round5-ppi_snapshots/f3fb87699dd336377e1f1fefef22cbb9932f0de0/code/scripts/round5_ppi_e3_twolevel.py:166: RuntimeWarning: All-NaN slice encountered
  float(np.nanmax(np.abs(th["C_ppi"][1] - th["C_classical"][1]))))
/work/users/w/e/weiyang/hest_code/round5-ppi_snapshots/f3fb87699dd336377e1f1fefef22cbb9932f0de0/code/scripts/round4_ppi_q2_masking.py:362: RuntimeWarning: All-NaN slice encountered
  width_ratio_median=float(np.nanmedian(w[ok] / wc[ok])) if ok.any() else np.nan,
/work/users/w/e/weiyang/hest_code/round5-ppi_snapshots/f3fb87699dd336377e1f1fefef22cbb9932f0de0/code/scripts/round4_ppi_q2_masking.py:363: RuntimeWarning: All-NaN slice encountered
  emp_var_ratio_median=float(np.nanmedian(ev[ok] / evc[ok])) if ok.any() else np.nan,
	Command being timed: "/work/users/w/e/weiyang/hest_replication/env/miniforge3/envs/hest/bin/python /work/users/w/e/weiyang/hest_code/round5-ppi_snapshots/f3fb87699dd336377e1f1fefef22cbb9932f0de0/code/scripts/round5_ppi_run.py --snapshot-dir /work/users/w/e/weiyang/hest_code/round5-ppi_snapshots/f3fb87699dd336377e1f1fefef22cbb9932f0de0 --out-dir /work/users/w/e/weiyang/hest_replication/results/round5/ppi/E3_twolevel/INDIANA_KIDNEY/resnet50__regcomp --unit INDIANA_KIDNEY --stage E3 --inputs /work/users/w/e/weiyang/hest_replication/results/round4/ppi/Q2_theory/predictions_INDIANA_KIDNEY/b1_predictions__INDIANA_KIDNEY__resnet50.parquet -- round5_ppi_e3_twolevel.py --parquet /work/users/w/e/weiyang/hest_replication/results/round4/ppi/Q2_theory/predictions_INDIANA_KIDNEY/b1_predictions__INDIANA_KIDNEY__resnet50.parquet --vtag INDIANA_KIDNEY --arm resnet50 --parts regcomp --draws 200 --out-dir ."
	User time (seconds): 1500.37
	System time (seconds): 28.67
	Percent of CPU this job got: 99%
	Elapsed (wall clock) time (h:mm:ss or m:ss): 25:40.34
	Average shared text size (kbytes): 0
	Average unshared data size (kbytes): 0
	Average stack size (kbytes): 0
	Average total size (kbytes): 0
	Maximum resident set size (kbytes): 557168
	Average resident set size (kbytes): 0
	Major (requiring I/O) page faults: 2
	Minor (reclaiming a frame) page faults: 13418672
	Voluntary context switches: 10357
	Involuntary context switches: 1485
	Swaps: 0
	File system inputs: 21120
	File system outputs: 2680
	Socket messages sent: 0
	Socket messages received: 0
	Signals delivered: 0
	Page size (bytes): 4096
	Exit status: 0
