/work/users/w/e/weiyang/hest_replication/results/round5/ppi/E1_interval/_lead_scripts/round5_ppi_e1_merge.py:78: FutureWarning: DataFrameGroupBy.apply operated on the grouping columns. This behavior is deprecated, and in a future version of pandas the grouping columns will be excluded from the operation. Either pass `include_groups=False` to exclude the groupings or explicitly select the grouping columns after groupby to silence this warning.
  n_cells = g.groupby(["G", "law_name"]).apply(lambda x: len(x.drop_duplicates(KEYS))).to_dict()
                                                        check     n  n_pass         worst     tolerance
0           1_variance_function_equals_textbook_two_stage_lin    12      12  6.520131e-15  1.000000e-12
1                              2_rule_none_fpc_equals_fpc_lin  1440    1440           NaN  0.000000e+00
2                               3_oracle_within_3_mcse|normal   480     480  2.906123e+00  3.000000e+00
3                               3_oracle_within_3_mcse|skewed   480     479  3.872279e+00  3.000000e+00
4                                3_oracle_within_3_mcse|heavy   480     478  4.078148e+00  3.000000e+00
5  4_classical_normal_G24_median_coverage_within_0.01_of_0.90     6       6  1.183333e-03  1.000000e-02
                                                                        prediction  n_cells  n_in_band             rule               band    qty_min  qty_median     qty_max   held
0                                E1.1a|normal|final coverage in [0.88,0.91], nL>=6      390        341              all       [0.88, 0.91]   0.840083    0.893400    0.902333  False
1                               E1.1b|normal|final within 0.02 of classical, nL>=6      390        337              all       [None, 0.02]   0.000000    0.006367    0.059017  False
2                E1.2a|normal|no-lin est/emp > 2 in >= half, kappa10 R2>=0.4 nL>=6       78         70  >= 0.5 of cells        [2.0, None]   1.123058    6.979371   31.711331   True
3                   E1.2b|normal|lin est/emp in [0.85,1.10], kappa10 R2>=0.4 nL>=6       78         69              all        [0.85, 1.1]   0.686624    0.965447    1.010952  False
4                         E1.2c|normal|kappa0 lin vs no-lin coverage differ < 0.01      160        160              all  [None, 0.0099999]   0.000000    0.000133    0.002567   True
5     E1.3a|normal|classical minus final est/emp in [0.03,0.15], nL/G>=1/3 R2>=0.4      144         75              all       [0.03, 0.15]   0.000377    0.052696    0.315707  False
6                    E1.3b|normal|classical minus final est/emp < 0.05, G51 nL6-12       90         88              all  [None, 0.0499999]  -0.014078    0.009779    0.060495  False
7                       E1.5a|normal|tuned/classical variance < 1 above break-even      186        183              all  [None, 0.9999999]   0.119042    0.420090    1.061637  False
8    E1.5b|normal|tuned/classical variance > 1 in >= half below break-even (nL>=6)      126          5  >= 0.5 of cells  [1.0000001, None]   0.179834    0.828179    1.104059  False
9                                E1.1a|skewed|final coverage in [0.88,0.91], nL>=6      390          9              all       [0.88, 0.91]   0.791467    0.831192    0.889533  False
10                              E1.1b|skewed|final within 0.02 of classical, nL>=6      390        296              all       [None, 0.02]   0.000083    0.013742    0.070133  False
11               E1.2a|skewed|no-lin est/emp > 2 in >= half, kappa10 R2>=0.4 nL>=6       78         74  >= 0.5 of cells        [2.0, None]   1.138730   10.834831   43.451474   True
12                  E1.2b|skewed|lin est/emp in [0.85,1.10], kappa10 R2>=0.4 nL>=6       78         67              all        [0.85, 1.1]   0.587539    0.947141    0.992975  False
13                        E1.2c|skewed|kappa0 lin vs no-lin coverage differ < 0.01      160        160              all  [None, 0.0099999]   0.000000    0.000217    0.003233   True
14    E1.3a|skewed|classical minus final est/emp in [0.03,0.15], nL/G>=1/3 R2>=0.4      144         89              all       [0.03, 0.15]   0.003902    0.078944    0.430567  False
15                   E1.3b|skewed|classical minus final est/emp < 0.05, G51 nL6-12       90         83              all  [None, 0.0499999]  -0.001231    0.024064    0.075862  False
16                      E1.5a|skewed|tuned/classical variance < 1 above break-even      186        186              all  [None, 0.9999999]   0.130007    0.486751    0.996435   True
17   E1.5b|skewed|tuned/classical variance > 1 in >= half below break-even (nL>=6)      126          1  >= 0.5 of cells  [1.0000001, None]   0.209607    0.779699    1.009832  False
18                                E1.1a|heavy|final coverage in [0.88,0.91], nL>=6      390          0              all       [0.88, 0.91]   0.574733    0.713375    0.866717  False
19                               E1.1b|heavy|final within 0.02 of classical, nL>=6      390        254              all       [None, 0.02]   0.000067    0.013658    0.070950  False
20                E1.2a|heavy|no-lin est/emp > 2 in >= half, kappa10 R2>=0.4 nL>=6       78         78  >= 0.5 of cells        [2.0, None]  13.946883   96.965320  665.338850   True
21                   E1.2b|heavy|lin est/emp in [0.85,1.10], kappa10 R2>=0.4 nL>=6       78         64              all        [0.85, 1.1]   0.532082    0.920311    0.984794  False
22                         E1.2c|heavy|kappa0 lin vs no-lin coverage differ < 0.01      160        155              all  [None, 0.0099999]   0.000000    0.001067    0.021717  False
23     E1.3a|heavy|classical minus final est/emp in [0.03,0.15], nL/G>=1/3 R2>=0.4      144        101              all       [0.03, 0.15]   0.030490    0.108987    0.488507  False
24                    E1.3b|heavy|classical minus final est/emp < 0.05, G51 nL6-12       90         72              all  [None, 0.0499999]   0.006297    0.029406    0.090874  False
25                       E1.5a|heavy|tuned/classical variance < 1 above break-even      186        186              all  [None, 0.9999999]   0.280460    0.575727    0.939810   True
26    E1.5b|heavy|tuned/classical variance > 1 in >= half below break-even (nL>=6)      126          1  >= 0.5 of cells  [1.0000001, None]   0.354346    0.755560    1.006879  False
27                E1.4a|normal G24 nL8 classical per-population 5-95 range >= 0.03       30         28              all       [0.03, None]   0.027050    0.037675    0.049100  False
28                        E1.4b|normal G24 nL8 classical per-population p05 > 0.87       30         30              all  [0.8700001, None]   0.870750    0.879250    0.887900   True
29  E1.4c|skewed G24 classical coverage averaged over cells in [0.85,0.89], per nL        6          3              all       [0.85, 0.89]   0.816599    0.841838    0.888885  False
30   E1.4c|heavy G24 classical coverage averaged over cells in [0.85,0.89], per nL        6          1              all       [0.85, 0.89]   0.636551    0.726862    0.863910  False
