              vtag estimand population  max_abs_spread  max_rel_spread  median_width  n_arms
0      ACS_CA_PUMA   theta2      donor    0.000000e+00    0.000000e+00      0.092510       2
1      ACS_CA_PUMA   theta2       spot    0.000000e+00    0.000000e+00      0.376049       2
2      ACS_CA_PUMA   theta3      donor    0.000000e+00    0.000000e+00      0.708455       4
3      ACS_CA_PUMA   theta3       spot    0.000000e+00    0.000000e+00      0.754745       4
4       ACS_STATES   theta2      donor    0.000000e+00    0.000000e+00      0.188841       2
5       ACS_STATES   theta2       spot    0.000000e+00    0.000000e+00      2.994802       2
6       ACS_STATES   theta3      donor    0.000000e+00    0.000000e+00      1.556486       4
7       ACS_STATES   theta3       spot    0.000000e+00    0.000000e+00      2.338971       4
8            CCRCC   theta2      donor    1.926903e-10    1.028531e-10      1.169497       6
9            CCRCC   theta2       spot    1.752860e-10    1.623843e-10      0.704565       6
10           CCRCC   theta3      donor    9.435352e-11    1.438788e-10      0.313810       6
11           CCRCC   theta3       spot    3.378192e-11    8.490015e-11      0.286868       6
12    CCRCC_merged   theta2      donor    4.492988e-10    1.647842e-10      1.222599       6
13    CCRCC_merged   theta2       spot    2.257496e-10    1.744879e-10      0.710906       6
14    CCRCC_merged   theta3      donor    2.485747e-10    2.769034e-10      0.325849       6
15    CCRCC_merged   theta3       spot    1.288215e-10    2.844360e-10      0.288702       6
16  INDIANA_KIDNEY   theta2      donor    0.000000e+00    0.000000e+00      1.022132       6
17  INDIANA_KIDNEY   theta2       spot    0.000000e+00    0.000000e+00      0.765929       6
18  INDIANA_KIDNEY   theta3      donor    0.000000e+00    0.000000e+00      0.147102       6
19  INDIANA_KIDNEY   theta3       spot    0.000000e+00    0.000000e+00      0.154421       6
20     LUNG_XENIUM   theta2      donor    1.853081e-07    1.381553e-08      5.965826       6
21     LUNG_XENIUM   theta2       spot    1.155052e-07    9.050552e-09      5.319504       6
22     LUNG_XENIUM   theta3      donor    1.111704e-08    3.324626e-09      0.819720       6
23     LUNG_XENIUM   theta3       spot    7.464711e-09    2.546839e-09      0.809042       6
              vtag    m  n_valid_donors  mean_p_miss_a_group  median_min_pi  min_min_pi  n_donors_min_pi_below_005  classical_theta2_coverage_median  spearman_over_cells  spearman_p
0            CCRCC    2              23             0.887265       0.098616    0.000703                         11                            0.7500             -0.62443    0.000002
1            CCRCC    3              23             0.793065       0.098616    0.000703                         11                            0.6500             -0.62443    0.000002
2            CCRCC    4              23             0.722487       0.098616    0.000703                         11                            0.6925             -0.62443    0.000002
3            CCRCC    5              23             0.668967       0.098616    0.000703                         11                            0.6075             -0.62443    0.000002
4            CCRCC    6              23             0.627095       0.098616    0.000703                         11                            0.5750             -0.62443    0.000002
5            CCRCC    8              23             0.565573       0.098616    0.000703                         11                            0.5800             -0.62443    0.000002
6            CCRCC   10              23             0.522416       0.098616    0.000703                         11                            0.5600             -0.62443    0.000002
7            CCRCC   15              23             0.455751       0.098616    0.000703                         11                            0.5025             -0.62443    0.000002
8            CCRCC   20              23             0.417390       0.098616    0.000703                         11                            0.6075             -0.62443    0.000002
9            CCRCC   25              23             0.391437       0.098616    0.000703                         11                            0.6425             -0.62443    0.000002
10           CCRCC   50              23             0.317191       0.098616    0.000703                         11                            0.7050             -0.62443    0.000002
11           CCRCC  100              23             0.237066       0.098616    0.000703                         11                            0.7300             -0.62443    0.000002
12    CCRCC_merged    2              22             0.883579       0.098677    0.000703                         10                            0.7475             -0.62443    0.000002
13    CCRCC_merged    3              22             0.786134       0.098677    0.000703                         10                            0.6675             -0.62443    0.000002
14    CCRCC_merged    4              22             0.713215       0.098677    0.000703                         10                            0.6825             -0.62443    0.000002
15    CCRCC_merged    5              22             0.658066       0.098677    0.000703                         10                            0.6700             -0.62443    0.000002
16    CCRCC_merged    6              22             0.615062       0.098677    0.000703                         10                            0.6075             -0.62443    0.000002
17    CCRCC_merged    8              22             0.552224       0.098677    0.000703                         10                            0.5975             -0.62443    0.000002
18    CCRCC_merged   10              22             0.508513       0.098677    0.000703                         10                            0.5775             -0.62443    0.000002
19    CCRCC_merged   15              22             0.442052       0.098677    0.000703                         10                            0.5375             -0.62443    0.000002
20    CCRCC_merged   20              22             0.404827       0.098677    0.000703                         10                            0.5175             -0.62443    0.000002
21    CCRCC_merged   25              22             0.380270       0.098677    0.000703                         10                            0.6100             -0.62443    0.000002
22    CCRCC_merged   50              22             0.312254       0.098677    0.000703                         10                            0.6800             -0.62443    0.000002
23    CCRCC_merged  100              22             0.238844       0.098677    0.000703                         10                            0.7150             -0.62443    0.000002
24  INDIANA_KIDNEY    2              20             0.960097       0.010225    0.000240                         15                            0.3050             -0.62443    0.000002
25  INDIANA_KIDNEY    3              20             0.923592       0.010225    0.000240                         15                            0.4100             -0.62443    0.000002
26  INDIANA_KIDNEY    4              20             0.892387       0.010225    0.000240                         15                            0.4300             -0.62443    0.000002
27  INDIANA_KIDNEY    5              20             0.865254       0.010225    0.000240                         15                            0.4700             -0.62443    0.000002
28  INDIANA_KIDNEY    6              20             0.841085       0.010225    0.000240                         15                            0.4800             -0.62443    0.000002
29  INDIANA_KIDNEY    8              20             0.798986       0.010225    0.000240                         15                            0.4725             -0.62443    0.000002
30  INDIANA_KIDNEY   10              20             0.762836       0.010225    0.000240                         15                            0.4950             -0.62443    0.000002
31  INDIANA_KIDNEY   15              20             0.689961       0.010225    0.000240                         15                            0.5175             -0.62443    0.000002
32  INDIANA_KIDNEY   20              20             0.634335       0.010225    0.000240                         15                            0.5150             -0.62443    0.000002
33  INDIANA_KIDNEY   25              20             0.590414       0.010225    0.000240                         15                            0.5800             -0.62443    0.000002
34  INDIANA_KIDNEY   50              20             0.459922       0.010225    0.000240                         15                            0.6275             -0.62443    0.000002
35  INDIANA_KIDNEY  100              20             0.342681       0.010225    0.000240                         15                            0.6575             -0.62443    0.000002
36     LUNG_XENIUM    2               9             0.974424       0.007985    0.001544                          9                            0.2250             -0.62443    0.000002
37     LUNG_XENIUM    3               9             0.956490       0.007985    0.001544                          9                            0.2950             -0.62443    0.000002
38     LUNG_XENIUM    4               9             0.941323       0.007985    0.001544                          9                            0.3700             -0.62443    0.000002
39     LUNG_XENIUM    5               9             0.927211       0.007985    0.001544                          9                            0.4000             -0.62443    0.000002
40     LUNG_XENIUM    6               9             0.913654       0.007985    0.001544                          9                            0.4700             -0.62443    0.000002
41     LUNG_XENIUM    8               9             0.887691       0.007985    0.001544                          9                            0.4950             -0.62443    0.000002
42     LUNG_XENIUM   10               9             0.863042       0.007985    0.001544                          9                            0.5200             -0.62443    0.000002
43     LUNG_XENIUM   15               9             0.806564       0.007985    0.001544                          9                            0.5650             -0.62443    0.000002
44     LUNG_XENIUM   20               9             0.756585       0.007985    0.001544                          9                            0.5950             -0.62443    0.000002
45     LUNG_XENIUM   25               9             0.712188       0.007985    0.001544                          9                            0.5400             -0.62443    0.000002
46     LUNG_XENIUM   50               9             0.550317       0.007985    0.001544                          9                            0.7600             -0.62443    0.000002
47     LUNG_XENIUM  100               9             0.379412       0.007985    0.001544                          9                            0.7850             -0.62443    0.000002
