               vtag estimand    m  constant  donor_constant  hoptimus0  package  permuted  resnet50  uni_v2  share_clipped_median  sqrt_1_minus_L  constant_minus_sqrt_1_minus_L
3       ACS_CA_PUMA   theta2    5       NaN             NaN        NaN    0.640     1.000       NaN     NaN                   NaN             NaN                            NaN
8       ACS_CA_PUMA   theta2   20       NaN             NaN        NaN    0.641     1.000       NaN     NaN                   NaN             NaN                            NaN
11      ACS_CA_PUMA   theta2  100       NaN             NaN        NaN    0.640     1.000       NaN     NaN                   NaN             NaN                            NaN
15      ACS_CA_PUMA   theta3    5     0.125           0.123        NaN    0.078     0.153       NaN     NaN                 0.985           0.124                          0.000
20      ACS_CA_PUMA   theta3   20     0.124           0.123        NaN    0.079     0.153       NaN     NaN                 0.985           0.124                          0.000
23      ACS_CA_PUMA   theta3  100     0.124           0.123        NaN    0.079     0.153       NaN     NaN                 0.985           0.124                          0.000
27       ACS_STATES   theta2    5       NaN             NaN        NaN    0.615     1.002       NaN     NaN                   NaN             NaN                            NaN
32       ACS_STATES   theta2   20       NaN             NaN        NaN    0.618     1.001       NaN     NaN                   NaN             NaN                            NaN
35       ACS_STATES   theta2  100       NaN             NaN        NaN    0.616     1.000       NaN     NaN                   NaN             NaN                            NaN
39       ACS_STATES   theta3    5     0.129           0.128        NaN    0.078     0.156       NaN     NaN                 0.984           0.126                          0.002
44       ACS_STATES   theta3   20     0.126           0.126        NaN    0.077     0.155       NaN     NaN                 0.984           0.126                         -0.000
47       ACS_STATES   theta3  100     0.127           0.126        NaN    0.077     0.155       NaN     NaN                 0.984           0.126                          0.000
51            CCRCC   theta2    5     0.928           0.949      1.028      NaN     0.953     1.009   0.975                 0.356           0.802                          0.126
56            CCRCC   theta2   20     0.870           0.860      0.877      NaN     0.900     0.895   0.860                 0.357           0.802                          0.068
59            CCRCC   theta2  100     0.863           0.872      0.865      NaN     0.873     0.885   0.857                 0.359           0.800                          0.063
63            CCRCC   theta3    5     0.810           0.816      0.811      NaN     0.877     0.823   0.796                 0.370           0.794                          0.017
68            CCRCC   theta3   20     0.812           0.823      0.815      NaN     0.884     0.838   0.808                 0.370           0.794                          0.018
71            CCRCC   theta3  100     0.805           0.819      0.823      NaN     0.878     0.830   0.806                 0.369           0.794                          0.011
75     CCRCC_merged   theta2    5     0.879           0.877      0.821      NaN     0.934     0.850   0.825                 0.361           0.799                          0.080
80     CCRCC_merged   theta2   20     0.877           0.861      0.868      NaN     0.933     0.868   0.864                 0.362           0.799                          0.078
83     CCRCC_merged   theta2  100     0.864           0.874      0.917      NaN     0.973     0.889   0.878                 0.365           0.797                          0.066
87     CCRCC_merged   theta3    5     0.823           0.817      0.812      NaN     0.895     0.834   0.804                 0.378           0.789                          0.035
92     CCRCC_merged   theta3   20     0.803           0.823      0.824      NaN     0.885     0.839   0.810                 0.378           0.789                          0.014
95     CCRCC_merged   theta3  100     0.802           0.814      0.818      NaN     0.880     0.835   0.802                 0.377           0.789                          0.013
99   INDIANA_KIDNEY   theta2    5     0.976           0.972      0.984      NaN     0.983     0.963   0.984                 0.337           0.814                          0.162
104  INDIANA_KIDNEY   theta2   20     0.953           0.941      0.956      NaN     0.973     0.958   0.944                 0.337           0.814                          0.139
107  INDIANA_KIDNEY   theta2  100     0.923           0.911      0.939      NaN     0.955     0.917   0.919                 0.338           0.814                          0.109
111  INDIANA_KIDNEY   theta3    5     0.862           0.863      0.854      NaN     0.900     0.865   0.849                 0.288           0.844                          0.018
116  INDIANA_KIDNEY   theta3   20     0.854           0.851      0.844      NaN     0.891     0.854   0.843                 0.287           0.844                          0.010
119  INDIANA_KIDNEY   theta3  100     0.849           0.850      0.841      NaN     0.886     0.850   0.839                 0.286           0.845                          0.004
123     LUNG_XENIUM   theta2    5     0.569           0.577      0.409      NaN     0.725     0.481   0.412                 0.718           0.531                          0.038
128     LUNG_XENIUM   theta2   20     0.581           0.571      0.410      NaN     0.663     0.485   0.407                 0.718           0.531                          0.049
131     LUNG_XENIUM   theta2  100     0.575           0.578      0.402      NaN     0.628     0.486   0.410                 0.717           0.532                          0.043
135     LUNG_XENIUM   theta3    5     0.579           0.573      0.435      NaN     0.677     0.490   0.438                 0.688           0.559                          0.020
140     LUNG_XENIUM   theta3   20     0.576           0.565      0.425      NaN     0.665     0.483   0.426                 0.688           0.558                          0.017
143     LUNG_XENIUM   theta3  100     0.574           0.566      0.419      NaN     0.659     0.479   0.421                 0.688           0.558                          0.016
