selftest within_full: {'n_draws': 400, 'max_endpoint_residual': np.float64(3.552713678800501e-15), 'n_grid_points': 1600400, 'n_mismatch': 0}
Loaded 378817 rows from /work/users/w/e/weiyang/hest_replication/results/round5/conformal/W2_ghcp_settings/part2/input/data/acs_data_all50states.csv
After filtering to 1 specified states: 378817 rows
After filtering to foreign-born: 98793 rows
After age filter [25, 54]: 51615 rows
After recent entry filter (YOEP >= 2000): 22893 rows
After labor force filter (hours >= 40): 13707 rows
After requiring non-missing income: 13707 rows
After dropping non-positive income: 13700 rows
After dropping missings in key columns: 12285 rows

Final state counts:
state_abb
CA    12285
Name: count, dtype: int64
cohort rows 12285, PUMAs 265, eligible (>=21) 212
  100/500  636s
  200/500  1302s
  300/500  1961s
  400/500  2584s
  500/500  3199s
          method   o  alpha  n_puma  n_rep  coverage  coverage_se  finite_n  width_mean_finite  width_median_finite  expected_cov  exact_cov_mean  interval_share
0           GHCP   0    0.2      10    500     0.934     0.011104       500      233813.775762        220273.257034           NaN             NaN             NaN
1           GHCP   2    0.2      10    500     0.926     0.011707       500      210983.248609        199720.905268           NaN             NaN             NaN
2           GHCP   5    0.2      10    500     0.908     0.012926       500      182008.044284        175930.214219           NaN             NaN             NaN
3           GHCP   8    0.2      10    500     0.892     0.013881       500      165600.816519        160125.451072           NaN             NaN             NaN
4           GHCP   9    0.2      10    500     0.894     0.013767       500      161958.604929        154596.752859           NaN             NaN             NaN
5           GHCP  10    0.2      10    500     0.888     0.014104       500      159038.629377        153149.331875           NaN             NaN             NaN
6           GHCP  12    0.2      10    500     0.884     0.014321       500      151538.045963        145365.175986           NaN             NaN             NaN
7           GHCP  15    0.2      10    500     0.858     0.015610       500      138180.770636        132909.640441           NaN             NaN             NaN
8           GHCP  17    0.2      10    500     0.860     0.015518       500      134436.691103        127420.858940           NaN             NaN             NaN
9           GHCP  20    0.2      10    500     0.838     0.016478       500      127457.515199        121342.121664           NaN             NaN             NaN
10           HCP   0    0.2      10    500     0.932     0.011258       500      234409.443881        221214.035245           NaN             NaN             NaN
11           HCP   2    0.2      10    500     0.932     0.011258       500      234409.443881        221214.035245           NaN             NaN             NaN
12           HCP   5    0.2      10    500     0.932     0.011258       500      234409.443881        221214.035245           NaN             NaN             NaN
13           HCP   8    0.2      10    500     0.932     0.011258       500      234409.443881        221214.035245           NaN             NaN             NaN
14           HCP   9    0.2      10    500     0.932     0.011258       500      234409.443881        221214.035245           NaN             NaN             NaN
15           HCP  10    0.2      10    500     0.932     0.011258       500      234409.443881        221214.035245           NaN             NaN             NaN
16           HCP  12    0.2      10    500     0.932     0.011258       500      234409.443881        221214.035245           NaN             NaN             NaN
17           HCP  15    0.2      10    500     0.932     0.011258       500      234409.443881        221214.035245           NaN             NaN             NaN
18           HCP  17    0.2      10    500     0.932     0.011258       500      234409.443881        221214.035245           NaN             NaN             NaN
19           HCP  20    0.2      10    500     0.932     0.011258       500      234409.443881        221214.035245           NaN             NaN             NaN
20        Std-CP   0    0.2      10    500     1.000     0.000000         0                NaN                  NaN           NaN             NaN             NaN
21        Std-CP   2    0.2      10    500     0.784     0.018403       183      124820.874317         55400.000000           NaN             NaN             NaN
22        Std-CP   5    0.2      10    500     0.816     0.017329       396      180883.298990        116090.000000           NaN             NaN             NaN
23        Std-CP   8    0.2      10    500     0.818     0.017255       500      177452.188600        127665.000000           NaN             NaN             NaN
24        Std-CP   9    0.2      10    500     0.790     0.018215       500      182351.378600        123090.500000           NaN             NaN             NaN
25        Std-CP  10    0.2      10    500     0.778     0.018586       500      172197.202080        121005.600000           NaN             NaN             NaN
26        Std-CP  12    0.2      10    500     0.806     0.017684       500      170973.513600        120104.000000           NaN             NaN             NaN
27        Std-CP  15    0.2      10    500     0.812     0.017473       500      145095.332114        109922.857143           NaN             NaN             NaN
28        Std-CP  17    0.2      10    500     0.794     0.018087       500      125577.242400         99519.000000           NaN             NaN             NaN
29        Std-CP  20    0.2      10    500     0.800     0.017889       500      131515.825360        100340.800000           NaN             NaN             NaN
30   within_full   2    0.2      10    500     1.000     0.000000         0                NaN                  NaN      1.000000           1.000             1.0
31   within_full   5    0.2      10    500     0.820     0.017181       500      190532.732747        131215.348281      0.833333           0.820             1.0
32   within_full   8    0.2      10    500     0.872     0.014941       500      231337.254092        154591.190103      0.888889           0.872             1.0
33   within_full   9    0.2      10    500     0.798     0.017955       500      131445.225166        111360.505093      0.800000           0.798             1.0
34   within_full  10    0.2      10    500     0.828     0.016877       500      137937.772147        114753.167704      0.818182           0.828             1.0
35   within_full  12    0.2      10    500     0.846     0.016142       500      144867.736487        121733.042737      0.846154           0.846             1.0
36   within_full  15    0.2      10    500     0.810     0.017544       500      118366.945342        105395.402009      0.812500           0.810             1.0
37   within_full  17    0.2      10    500     0.824     0.017031       500      125081.953321        112679.246062      0.833333           0.824             1.0
38   within_full  20    0.2      10    500     0.796     0.018021       500      113627.910500        106653.386909      0.809524           0.796             1.0
39  within_plain   2    0.2      10    500     1.000     0.000000         0                NaN                  NaN      1.000000             NaN             NaN
40  within_plain   5    0.2      10    500     0.838     0.016478       500      192562.512868        131384.682537      0.833333             NaN             NaN
41  within_plain   8    0.2      10    500     0.886     0.014213       500      239893.330832        158302.456217      0.888889             NaN             NaN
42  within_plain   9    0.2      10    500     0.816     0.017329       500      133881.203174        112969.220138      0.800000             NaN             NaN
43  within_plain  10    0.2      10    500     0.836     0.016559       500      142402.971604        119066.029641      0.818182             NaN             NaN
44  within_plain  12    0.2      10    500     0.860     0.015518       500      152799.050503        131058.200212      0.846154             NaN             NaN
45  within_plain  15    0.2      10    500     0.816     0.017329       500      124528.704699        111356.406178      0.812500             NaN             NaN
46  within_plain  17    0.2      10    500     0.840     0.016395       500      133281.787071        119783.624615      0.833333             NaN             NaN
47  within_plain  20    0.2      10    500     0.818     0.017255       500      120136.375525        109801.688324      0.809524             NaN             NaN
