	Command being timed: "/work/users/w/e/weiyang/hest_replication/env/miniforge3/envs/hest/bin/python /work/users/w/e/weiyang/hest_code/round5-ppi_snapshots/81ec444ab5b8d205dc3ca73b76c51783848c599b/code/scripts/round5_ppi_run.py --snapshot-dir /work/users/w/e/weiyang/hest_code/round5-ppi_snapshots/81ec444ab5b8d205dc3ca73b76c51783848c599b --out-dir /work/users/w/e/weiyang/hest_replication/results/round5/ppi/E4_selection/INDIANA_KIDNEY/permuted --unit INDIANA_KIDNEY_permuted --stage E4 --inputs /work/users/w/e/weiyang/hest_replication/results/round4/ppi/Q2_theory/predictions_INDIANA_KIDNEY/b1_predictions__INDIANA_KIDNEY__resnet50.parquet,/work/users/w/e/weiyang/hest_replication/results/round4/ppi/Q2_theory/predictions_INDIANA_KIDNEY/b1_predictions__INDIANA_KIDNEY__resnet50.parquet -- round5_ppi_e4_selection.py --parquet /work/users/w/e/weiyang/hest_replication/results/round4/ppi/Q2_theory/predictions_INDIANA_KIDNEY/b1_predictions__INDIANA_KIDNEY__resnet50.parquet --perm-parquet /work/users/w/e/weiyang/hest_replication/results/round4/ppi/Q2_theory/predictions_INDIANA_KIDNEY/b1_predictions__INDIANA_KIDNEY__resnet50.parquet --vtag INDIANA_KIDNEY --arm permuted --theta2-kind neo_minus_stroma --draws 200 --n-cand 2000 --nl-grid 4,6,8,12 --out-dir ."
	User time (seconds): 88.10
	System time (seconds): 2.70
	Percent of CPU this job got: 91%
	Elapsed (wall clock) time (h:mm:ss or m:ss): 1:39.10
	Average shared text size (kbytes): 0
	Average unshared data size (kbytes): 0
	Average stack size (kbytes): 0
	Average total size (kbytes): 0
	Maximum resident set size (kbytes): 1005268
	Average resident set size (kbytes): 0
	Major (requiring I/O) page faults: 339
	Minor (reclaiming a frame) page faults: 303329
	Voluntary context switches: 8212
	Involuntary context switches: 135
	Swaps: 0
	File system inputs: 19688
	File system outputs: 1600
	Socket messages sent: 0
	Socket messages received: 0
	Signals delivered: 0
	Page size (bytes): 4096
	Exit status: 0
