selftest within_full: {'n_draws': 400, 'max_endpoint_residual': np.float64(3.552713678800501e-15), 'n_grid_points': 1600400, 'n_mismatch': 0}
Loaded 378817 rows from /work/users/w/e/weiyang/hest_replication/results/round5/conformal/W2_ghcp_settings/part2/input/data/acs_data_all50states.csv
After filtering to 1 specified states: 378817 rows
After filtering to foreign-born: 98793 rows
After age filter [25, 54]: 51615 rows
After recent entry filter (YOEP >= 2000): 22893 rows
After labor force filter (hours >= 40): 13707 rows
After requiring non-missing income: 13707 rows
After dropping non-positive income: 13700 rows
After dropping missings in key columns: 12285 rows

Final state counts:
state_abb
CA    12285
Name: count, dtype: int64
cohort rows 12285, PUMAs 265, eligible (>=21) 212
  100/500  1830s
  200/500  3666s
  300/500  5536s
  400/500  7355s
  500/500  9127s
          method   o  alpha  n_puma  n_rep  coverage  coverage_se  finite_n  width_mean_finite  width_median_finite  expected_cov  exact_cov_mean  interval_share
0           GHCP   0    0.2      30    500     0.858     0.015610       500      125743.653771        125243.133288           NaN             NaN             NaN
1           GHCP   2    0.2      30    500     0.856     0.015701       500      121180.295552        120485.944447           NaN             NaN             NaN
2           GHCP   5    0.2      30    500     0.852     0.015881       500      116534.371299        116527.814382           NaN             NaN             NaN
3           GHCP   8    0.2      30    500     0.852     0.015881       500      110496.894699        110258.669674           NaN             NaN             NaN
4           GHCP   9    0.2      30    500     0.854     0.015791       500      109635.925792        109267.743662           NaN             NaN             NaN
5           GHCP  10    0.2      30    500     0.846     0.016142       500      108113.514659        107537.669915           NaN             NaN             NaN
6           GHCP  12    0.2      30    500     0.856     0.015701       500      105791.413878        105183.403519           NaN             NaN             NaN
7           GHCP  15    0.2      30    500     0.854     0.015791       500      103222.976035        102504.079346           NaN             NaN             NaN
8           GHCP  17    0.2      30    500     0.840     0.016395       500      100783.301771        100417.186402           NaN             NaN             NaN
9           GHCP  20    0.2      30    500     0.834     0.016640       500       98227.854396         98024.539449           NaN             NaN             NaN
10           HCP   0    0.2      30    500     0.860     0.015518       500      125414.380935        125373.717215           NaN             NaN             NaN
11           HCP   2    0.2      30    500     0.860     0.015518       500      125414.380935        125373.717215           NaN             NaN             NaN
12           HCP   5    0.2      30    500     0.860     0.015518       500      125414.380935        125373.717215           NaN             NaN             NaN
13           HCP   8    0.2      30    500     0.860     0.015518       500      125414.380935        125373.717215           NaN             NaN             NaN
14           HCP   9    0.2      30    500     0.860     0.015518       500      125414.380935        125373.717215           NaN             NaN             NaN
15           HCP  10    0.2      30    500     0.860     0.015518       500      125414.380935        125373.717215           NaN             NaN             NaN
16           HCP  12    0.2      30    500     0.860     0.015518       500      125414.380935        125373.717215           NaN             NaN             NaN
17           HCP  15    0.2      30    500     0.860     0.015518       500      125414.380935        125373.717215           NaN             NaN             NaN
18           HCP  17    0.2      30    500     0.860     0.015518       500      125414.380935        125373.717215           NaN             NaN             NaN
19           HCP  20    0.2      30    500     0.860     0.015518       500      125414.380935        125373.717215           NaN             NaN             NaN
20        Std-CP   0    0.2      30    500     1.000     0.000000         0                NaN                  NaN           NaN             NaN             NaN
21        Std-CP   2    0.2      30    500     0.856     0.015701       183      107031.803279         68000.000000           NaN             NaN             NaN
22        Std-CP   5    0.2      30    500     0.828     0.016877       396      157310.605051        108154.000000           NaN             NaN             NaN
23        Std-CP   8    0.2      30    500     0.818     0.017255       500      161710.385000        112895.000000           NaN             NaN             NaN
24        Std-CP   9    0.2      30    500     0.806     0.017684       500      159124.767400        108470.000000           NaN             NaN             NaN
25        Std-CP  10    0.2      30    500     0.822     0.017106       500      153228.688320        109504.000000           NaN             NaN             NaN
26        Std-CP  12    0.2      30    500     0.830     0.016799       500      152315.621733        106254.666667           NaN             NaN             NaN
27        Std-CP  15    0.2      30    500     0.826     0.016954       500      129105.950971         95076.000000           NaN             NaN             NaN
28        Std-CP  17    0.2      30    500     0.844     0.016227       500      115985.721500         95170.000000           NaN             NaN             NaN
29        Std-CP  20    0.2      30    500     0.814     0.017401       500      114508.649600         91321.200000           NaN             NaN             NaN
30   within_full   2    0.2      30    500     1.000     0.000000         0                NaN                  NaN      1.000000           1.000             1.0
31   within_full   5    0.2      30    500     0.834     0.016640       500      169365.763639        123729.808649      0.833333           0.834             1.0
32   within_full   8    0.2      30    500     0.906     0.013051       500      211796.987316        153607.906277      0.888889           0.906             1.0
33   within_full   9    0.2      30    500     0.798     0.017955       500      121860.918603         99395.678354      0.800000           0.798             1.0
34   within_full  10    0.2      30    500     0.804     0.017753       500      127586.118866        105332.780094      0.818182           0.804             1.0
35   within_full  12    0.2      30    500     0.834     0.016640       500      140028.125415        118505.396606      0.846154           0.834             1.0
36   within_full  15    0.2      30    500     0.812     0.017473       500      117322.941383        101508.753731      0.812500           0.812             1.0
37   within_full  17    0.2      30    500     0.832     0.016720       500      124494.812567        112349.092498      0.833333           0.832             1.0
38   within_full  20    0.2      30    500     0.804     0.017753       500      112561.500943         99540.044803      0.809524           0.804             1.0
39  within_plain   2    0.2      30    500     1.000     0.000000         0                NaN                  NaN      1.000000             NaN             NaN
40  within_plain   5    0.2      30    500     0.836     0.016559       500      168389.852140        131929.743741      0.833333             NaN             NaN
41  within_plain   8    0.2      30    500     0.898     0.013535       500      214911.586647        160112.185714      0.888889             NaN             NaN
42  within_plain   9    0.2      30    500     0.788     0.018279       500      122073.659150        102358.221748      0.800000             NaN             NaN
43  within_plain  10    0.2      30    500     0.812     0.017473       500      130190.004485        112856.162296      0.818182             NaN             NaN
44  within_plain  12    0.2      30    500     0.838     0.016478       500      144572.235106        121715.979642      0.846154             NaN             NaN
45  within_plain  15    0.2      30    500     0.800     0.017889       500      119892.379841        107861.882867      0.812500             NaN             NaN
46  within_plain  17    0.2      30    500     0.830     0.016799       500      129365.432618        117675.116351      0.833333             NaN             NaN
47  within_plain  20    0.2      30    500     0.806     0.017684       500      114802.875941        103429.445707      0.809524             NaN             NaN
