selftest within_full: {'n_draws': 400, 'max_endpoint_residual': np.float64(3.552713678800501e-15), 'n_grid_points': 1600400, 'n_mismatch': 0}
Loaded 378817 rows from /work/users/w/e/weiyang/hest_replication/results/round5/conformal/W2_ghcp_settings/part2/input/data/acs_data_all50states.csv
After filtering to 1 specified states: 378817 rows
After filtering to foreign-born: 98793 rows
After age filter [25, 54]: 51615 rows
After recent entry filter (YOEP >= 2000): 22893 rows
After labor force filter (hours >= 40): 13707 rows
After requiring non-missing income: 13707 rows
After dropping non-positive income: 13700 rows
After dropping missings in key columns: 12285 rows

Final state counts:
state_abb
CA    12285
Name: count, dtype: int64
cohort rows 12285, PUMAs 265, eligible (>=21) 212
  100/500  3219s
  200/500  6356s
  300/500  9436s
  400/500  12528s
  500/500  15412s
          method   o  alpha  n_puma  n_rep  coverage  coverage_se  finite_n  width_mean_finite  width_median_finite  expected_cov  exact_cov_mean  interval_share
0           GHCP   0    0.2      50    500     0.816     0.017329       500      117600.699218        117868.532520           NaN             NaN             NaN
1           GHCP   2    0.2      50    500     0.810     0.017544       500      114852.661734        114359.969001           NaN             NaN             NaN
2           GHCP   5    0.2      50    500     0.812     0.017473       500      111881.227707        111854.961958           NaN             NaN             NaN
3           GHCP   8    0.2      50    500     0.798     0.017955       500      107730.118253        107491.040080           NaN             NaN             NaN
4           GHCP   9    0.2      50    500     0.796     0.018021       500      107235.438579        107095.747016           NaN             NaN             NaN
5           GHCP  10    0.2      50    500     0.796     0.018021       500      105489.507893        105312.795392           NaN             NaN             NaN
6           GHCP  12    0.2      50    500     0.794     0.018087       500      103791.511606        103184.789167           NaN             NaN             NaN
7           GHCP  15    0.2      50    500     0.786     0.018341       500      101755.701244        101223.403434           NaN             NaN             NaN
8           GHCP  17    0.2      50    500     0.782     0.018465       500      100237.062994        100432.851363           NaN             NaN             NaN
9           GHCP  20    0.2      50    500     0.790     0.018215       500       97622.120107         96665.234286           NaN             NaN             NaN
10           HCP   0    0.2      50    500     0.822     0.017106       500      117078.994496        118020.896332           NaN             NaN             NaN
11           HCP   2    0.2      50    500     0.822     0.017106       500      117078.994496        118020.896332           NaN             NaN             NaN
12           HCP   5    0.2      50    500     0.822     0.017106       500      117078.994496        118020.896332           NaN             NaN             NaN
13           HCP   8    0.2      50    500     0.822     0.017106       500      117078.994496        118020.896332           NaN             NaN             NaN
14           HCP   9    0.2      50    500     0.822     0.017106       500      117078.994496        118020.896332           NaN             NaN             NaN
15           HCP  10    0.2      50    500     0.822     0.017106       500      117078.994496        118020.896332           NaN             NaN             NaN
16           HCP  12    0.2      50    500     0.822     0.017106       500      117078.994496        118020.896332           NaN             NaN             NaN
17           HCP  15    0.2      50    500     0.822     0.017106       500      117078.994496        118020.896332           NaN             NaN             NaN
18           HCP  17    0.2      50    500     0.822     0.017106       500      117078.994496        118020.896332           NaN             NaN             NaN
19           HCP  20    0.2      50    500     0.822     0.017106       500      117078.994496        118020.896332           NaN             NaN             NaN
20        Std-CP   0    0.2      50    500     1.000     0.000000         0                NaN                  NaN           NaN             NaN             NaN
21        Std-CP   2    0.2      50    500     0.822     0.017106       183      115280.109290         59000.000000           NaN             NaN             NaN
22        Std-CP   5    0.2      50    500     0.790     0.018215       396      157923.898990        104800.000000           NaN             NaN             NaN
23        Std-CP   8    0.2      50    500     0.790     0.018215       500      163482.266200        118280.000000           NaN             NaN             NaN
24        Std-CP   9    0.2      50    500     0.806     0.017684       500      160900.584000        113025.000000           NaN             NaN             NaN
25        Std-CP  10    0.2      50    500     0.798     0.017955       500      163617.464640        114097.200000           NaN             NaN             NaN
26        Std-CP  12    0.2      50    500     0.780     0.018526       500      165751.140800        107210.666667           NaN             NaN             NaN
27        Std-CP  15    0.2      50    500     0.800     0.017889       500      129671.706400        104641.428571           NaN             NaN             NaN
28        Std-CP  17    0.2      50    500     0.798     0.017955       500      121078.400400        101407.000000           NaN             NaN             NaN
29        Std-CP  20    0.2      50    500     0.786     0.018341       500      118756.231760        105503.200000           NaN             NaN             NaN
30   within_full   2    0.2      50    500     1.000     0.000000         0                NaN                  NaN      1.000000           1.000             1.0
31   within_full   5    0.2      50    500     0.818     0.017255       500      188553.700087        139804.011257      0.833333           0.818             1.0
32   within_full   8    0.2      50    500     0.868     0.015138       500      224200.173355        158434.886489      0.888889           0.868             1.0
33   within_full   9    0.2      50    500     0.774     0.018704       500      128000.137332        112404.170531      0.800000           0.774             1.0
34   within_full  10    0.2      50    500     0.802     0.017821       500      134025.250273        117730.092353      0.818182           0.802             1.0
35   within_full  12    0.2      50    500     0.836     0.016559       500      145379.821274        130571.010153      0.846154           0.836             1.0
36   within_full  15    0.2      50    500     0.792     0.018151       500      120307.599548        113388.857667      0.812500           0.792             1.0
37   within_full  17    0.2      50    500     0.820     0.017181       500      127515.131940        120050.177912      0.833333           0.820             1.0
38   within_full  20    0.2      50    500     0.786     0.018341       500      114122.026484        106013.643084      0.809524           0.786             1.0
39  within_plain   2    0.2      50    500     1.000     0.000000         0                NaN                  NaN      1.000000             NaN             NaN
40  within_plain   5    0.2      50    500     0.832     0.016720       500      184949.549721        136934.047338      0.833333             NaN             NaN
41  within_plain   8    0.2      50    500     0.878     0.014637       500      227712.533930        171974.189140      0.888889             NaN             NaN
42  within_plain   9    0.2      50    500     0.800     0.017889       500      124127.333044        111619.949099      0.800000             NaN             NaN
43  within_plain  10    0.2      50    500     0.812     0.017473       500      132885.247027        122072.928496      0.818182             NaN             NaN
44  within_plain  12    0.2      50    500     0.850     0.015969       500      146615.761414        136517.558866      0.846154             NaN             NaN
45  within_plain  15    0.2      50    500     0.810     0.017544       500      121048.906925        115938.766790      0.812500             NaN             NaN
46  within_plain  17    0.2      50    500     0.826     0.016954       500      130543.781768        127081.383636      0.833333             NaN             NaN
47  within_plain  20    0.2      50    500     0.808     0.017615       500      117829.206271        114620.594599      0.809524             NaN             NaN
