selftest within_full: {'n_draws': 400, 'max_endpoint_residual': np.float64(3.552713678800501e-15), 'n_grid_points': 1600400, 'n_mismatch': 0}
Loaded 378817 rows from /work/users/w/e/weiyang/hest_replication/results/round5/conformal/W2_ghcp_settings/part2/input/data/acs_data_all50states.csv
After filtering to 1 specified states: 378817 rows
After filtering to foreign-born: 98793 rows
After age filter [25, 54]: 51615 rows
After recent entry filter (YOEP >= 2000): 22893 rows
After labor force filter (hours >= 40): 13707 rows
After requiring non-missing income: 13707 rows
After dropping non-positive income: 13700 rows
After dropping missings in key columns: 12285 rows

Final state counts:
state_abb
CA    12285
Name: count, dtype: int64
cohort rows 12285, PUMAs 265, eligible (>=21) 212
  100/500  3021s
  200/500  5950s
  300/500  9084s
  400/500  12286s
  500/500  15423s
          method   o  alpha  n_puma  n_rep  coverage  coverage_se  finite_n  width_mean_finite  width_median_finite  expected_cov  exact_cov_mean  interval_share
0           GHCP   0    0.2      50    500     0.816     0.017329       500      116931.702770        116604.363503           NaN             NaN             NaN
1           GHCP   2    0.2      50    500     0.814     0.017401       500      114281.746355        113815.528429           NaN             NaN             NaN
2           GHCP   5    0.2      50    500     0.808     0.017615       500      111407.698069        110848.685990           NaN             NaN             NaN
3           GHCP   8    0.2      50    500     0.810     0.017544       500      107200.069203        106128.872255           NaN             NaN             NaN
4           GHCP   9    0.2      50    500     0.808     0.017615       500      106924.027428        105892.623527           NaN             NaN             NaN
5           GHCP  10    0.2      50    500     0.800     0.017889       500      105472.813622        105074.638598           NaN             NaN             NaN
6           GHCP  12    0.2      50    500     0.796     0.018021       500      103488.149670        103009.980517           NaN             NaN             NaN
7           GHCP  15    0.2      50    500     0.790     0.018215       500      101355.339962        100725.379327           NaN             NaN             NaN
8           GHCP  17    0.2      50    500     0.802     0.017821       500       99933.138868         99122.836211           NaN             NaN             NaN
9           GHCP  20    0.2      50    500     0.782     0.018465       500       96930.278131         96683.490061           NaN             NaN             NaN
10           HCP   0    0.2      50    500     0.816     0.017329       500      116616.808292        116533.297188           NaN             NaN             NaN
11           HCP   2    0.2      50    500     0.816     0.017329       500      116616.808292        116533.297188           NaN             NaN             NaN
12           HCP   5    0.2      50    500     0.816     0.017329       500      116616.808292        116533.297188           NaN             NaN             NaN
13           HCP   8    0.2      50    500     0.816     0.017329       500      116616.808292        116533.297188           NaN             NaN             NaN
14           HCP   9    0.2      50    500     0.816     0.017329       500      116616.808292        116533.297188           NaN             NaN             NaN
15           HCP  10    0.2      50    500     0.816     0.017329       500      116616.808292        116533.297188           NaN             NaN             NaN
16           HCP  12    0.2      50    500     0.816     0.017329       500      116616.808292        116533.297188           NaN             NaN             NaN
17           HCP  15    0.2      50    500     0.816     0.017329       500      116616.808292        116533.297188           NaN             NaN             NaN
18           HCP  17    0.2      50    500     0.816     0.017329       500      116616.808292        116533.297188           NaN             NaN             NaN
19           HCP  20    0.2      50    500     0.816     0.017329       500      116616.808292        116533.297188           NaN             NaN             NaN
20        Std-CP   0    0.2      50    500     1.000     0.000000         0                NaN                  NaN           NaN             NaN             NaN
21        Std-CP   2    0.2      50    500     0.794     0.018087       204       99255.980392         49500.000000           NaN             NaN             NaN
22        Std-CP   5    0.2      50    500     0.814     0.017401       407      155318.724324        107550.000000           NaN             NaN             NaN
23        Std-CP   8    0.2      50    500     0.806     0.017684       500      173230.438400        120932.000000           NaN             NaN             NaN
24        Std-CP   9    0.2      50    500     0.802     0.017821       500      171339.060200        111560.000000           NaN             NaN             NaN
25        Std-CP  10    0.2      50    500     0.796     0.018021       500      160704.956000        108252.000000           NaN             NaN             NaN
26        Std-CP  12    0.2      50    500     0.816     0.017329       500      163006.479733        109900.666667           NaN             NaN             NaN
27        Std-CP  15    0.2      50    500     0.814     0.017401       500      139697.406857        104787.285714           NaN             NaN             NaN
28        Std-CP  17    0.2      50    500     0.806     0.017684       500      124642.737800        100108.000000           NaN             NaN             NaN
29        Std-CP  20    0.2      50    500     0.792     0.018151       500      125456.833280         94228.600000           NaN             NaN             NaN
30   within_full   2    0.2      50    500     1.000     0.000000         0                NaN                  NaN      1.000000           1.000             1.0
31   within_full   5    0.2      50    500     0.842     0.016312       500      182280.689078        134202.363699      0.833333           0.842             1.0
32   within_full   8    0.2      50    500     0.882     0.014427       500      217733.331259        148006.258388      0.888889           0.882             1.0
33   within_full   9    0.2      50    500     0.798     0.017955       500      129682.376259        103047.025177      0.800000           0.798             1.0
34   within_full  10    0.2      50    500     0.804     0.017753       500      135432.996048        111854.582224      0.818182           0.804             1.0
35   within_full  12    0.2      50    500     0.832     0.016720       500      146628.282273        122261.516125      0.846154           0.832             1.0
36   within_full  15    0.2      50    500     0.812     0.017473       500      120643.116693        108350.884017      0.812500           0.812             1.0
37   within_full  17    0.2      50    500     0.830     0.016799       500      129062.310744        113632.634108      0.833333           0.830             1.0
38   within_full  20    0.2      50    500     0.808     0.017615       500      114696.657899        102149.648209      0.809524           0.808             1.0
39  within_plain   2    0.2      50    500     1.000     0.000000         0                NaN                  NaN      1.000000             NaN             NaN
40  within_plain   5    0.2      50    500     0.834     0.016640       500      180177.252518        135800.615287      0.833333             NaN             NaN
41  within_plain   8    0.2      50    500     0.880     0.014533       500      222102.393502        166337.910240      0.888889             NaN             NaN
42  within_plain   9    0.2      50    500     0.782     0.018465       500      127370.592500        110054.087055      0.800000             NaN             NaN
43  within_plain  10    0.2      50    500     0.802     0.017821       500      133765.330232        118403.610102      0.818182             NaN             NaN
44  within_plain  12    0.2      50    500     0.836     0.016559       500      148544.261161        129154.995543      0.846154             NaN             NaN
45  within_plain  15    0.2      50    500     0.802     0.017821       500      121404.094346        112009.505351      0.812500             NaN             NaN
46  within_plain  17    0.2      50    500     0.838     0.016478       500      130946.816859        119492.513599      0.833333             NaN             NaN
47  within_plain  20    0.2      50    500     0.798     0.017955       500      115828.229350        105804.177657      0.809524             NaN             NaN
