	Command being timed: "/work/users/w/e/weiyang/hest_replication/env/miniforge3/envs/hest/bin/python /work/users/w/e/weiyang/hest_code/round5-ppi_snapshots/f3fb87699dd336377e1f1fefef22cbb9932f0de0/code/scripts/round5_ppi_run.py --snapshot-dir /work/users/w/e/weiyang/hest_code/round5-ppi_snapshots/f3fb87699dd336377e1f1fefef22cbb9932f0de0 --out-dir /work/users/w/e/weiyang/hest_replication/results/round5/ppi/E3_twolevel/INDIANA_KIDNEY/permuted__components --unit INDIANA_KIDNEY --stage E3 --inputs /work/users/w/e/weiyang/hest_replication/results/round4/ppi/Q2_theory/predictions_INDIANA_KIDNEY/b1_predictions__INDIANA_KIDNEY__resnet50.parquet -- round5_ppi_e3_twolevel.py --parquet /work/users/w/e/weiyang/hest_replication/results/round4/ppi/Q2_theory/predictions_INDIANA_KIDNEY/b1_predictions__INDIANA_KIDNEY__resnet50.parquet --vtag INDIANA_KIDNEY --arm permuted --parts components --draws 200 --out-dir ."
	User time (seconds): 4.65
	System time (seconds): 0.95
	Percent of CPU this job got: 35%
	Elapsed (wall clock) time (h:mm:ss or m:ss): 0:15.84
	Average shared text size (kbytes): 0
	Average unshared data size (kbytes): 0
	Average stack size (kbytes): 0
	Average total size (kbytes): 0
	Maximum resident set size (kbytes): 541176
	Average resident set size (kbytes): 0
	Major (requiring I/O) page faults: 2384
	Minor (reclaiming a frame) page faults: 123742
	Voluntary context switches: 18387
	Involuntary context switches: 29
	Swaps: 0
	File system inputs: 304848
	File system outputs: 128
	Socket messages sent: 0
	Socket messages received: 0
	Signals delivered: 0
	Page size (bytes): 4096
	Exit status: 0
