selftest within_full: {'n_draws': 400, 'max_endpoint_residual': np.float64(3.552713678800501e-15), 'n_grid_points': 1600400, 'n_mismatch': 0}
Loaded 378817 rows from /work/users/w/e/weiyang/hest_replication/results/round5/conformal/W2_ghcp_settings/part2/input/data/acs_data_all50states.csv
After filtering to 1 specified states: 378817 rows
After filtering to foreign-born: 98793 rows
After age filter [25, 54]: 51615 rows
After recent entry filter (YOEP >= 2000): 22893 rows
After labor force filter (hours >= 40): 13707 rows
After requiring non-missing income: 13707 rows
After dropping non-positive income: 13700 rows
After dropping missings in key columns: 12285 rows

Final state counts:
state_abb
CA    12285
Name: count, dtype: int64
cohort rows 12285, PUMAs 265, eligible (>=21) 212
  100/500  661s
  200/500  1324s
  300/500  1967s
  400/500  2577s
  500/500  3206s
          method   o  alpha  n_puma  n_rep  coverage  coverage_se  finite_n  width_mean_finite  width_median_finite  expected_cov  exact_cov_mean  interval_share
0           GHCP   0    0.1      10    500     1.000     0.000000         0                NaN                  NaN           NaN             NaN             NaN
1           GHCP   2    0.1      10    500     1.000     0.000000         0                NaN                  NaN           NaN             NaN             NaN
2           GHCP   5    0.1      10    500     1.000     0.000000         0                NaN                  NaN           NaN             NaN             NaN
3           GHCP   8    0.1      10    500     1.000     0.000000         0                NaN                  NaN           NaN             NaN             NaN
4           GHCP   9    0.1      10    500     1.000     0.000000         0                NaN                  NaN           NaN             NaN             NaN
5           GHCP  10    0.1      10    500     1.000     0.000000         0                NaN                  NaN           NaN             NaN             NaN
6           GHCP  12    0.1      10    500     1.000     0.000000         3      787886.927508        994293.823059           NaN             NaN             NaN
7           GHCP  15    0.1      10    500     0.994     0.003454       139      508269.770940        349711.773511           NaN             NaN             NaN
8           GHCP  17    0.1      10    500     0.996     0.002823       207      394123.893023        259914.721009           NaN             NaN             NaN
9           GHCP  20    0.1      10    500     0.980     0.006261       251      324551.286896        216183.296306           NaN             NaN             NaN
10           HCP   0    0.1      10    500     1.000     0.000000         0                NaN                  NaN           NaN             NaN             NaN
11           HCP   2    0.1      10    500     1.000     0.000000         0                NaN                  NaN           NaN             NaN             NaN
12           HCP   5    0.1      10    500     1.000     0.000000         0                NaN                  NaN           NaN             NaN             NaN
13           HCP   8    0.1      10    500     1.000     0.000000         0                NaN                  NaN           NaN             NaN             NaN
14           HCP   9    0.1      10    500     1.000     0.000000         0                NaN                  NaN           NaN             NaN             NaN
15           HCP  10    0.1      10    500     1.000     0.000000         0                NaN                  NaN           NaN             NaN             NaN
16           HCP  12    0.1      10    500     1.000     0.000000         0                NaN                  NaN           NaN             NaN             NaN
17           HCP  15    0.1      10    500     1.000     0.000000         0                NaN                  NaN           NaN             NaN             NaN
18           HCP  17    0.1      10    500     1.000     0.000000         0                NaN                  NaN           NaN             NaN             NaN
19           HCP  20    0.1      10    500     1.000     0.000000         0                NaN                  NaN           NaN             NaN             NaN
20        Std-CP   0    0.1      10    500     1.000     0.000000         0                NaN                  NaN           NaN             NaN             NaN
21        Std-CP   2    0.1      10    500     0.890     0.013993       110      106951.454545         60000.000000           NaN             NaN             NaN
22        Std-CP   5    0.1      10    500     0.920     0.012133       207      162577.053140        109840.000000           NaN             NaN             NaN
23        Std-CP   8    0.1      10    500     0.904     0.013175       246      148308.017480        108250.000000           NaN             NaN             NaN
24        Std-CP   9    0.1      10    500     0.896     0.013652       303      162858.053795        109300.000000           NaN             NaN             NaN
25        Std-CP  10    0.1      10    500     0.902     0.013296       310      177918.177032        128501.200000           NaN             NaN             NaN
26        Std-CP  12    0.1      10    500     0.912     0.012669       333      182597.763764        129053.333333           NaN             NaN             NaN
27        Std-CP  15    0.1      10    500     0.912     0.012669       434      220094.543515        140950.571429           NaN             NaN             NaN
28        Std-CP  17    0.1      10    500     0.898     0.013535       500      217180.328100        142537.500000           NaN             NaN             NaN
29        Std-CP  20    0.1      10    500     0.902     0.013296       500      224205.289520        151562.620000           NaN             NaN             NaN
30   within_full   2    0.1      10    500     1.000     0.000000         0                NaN                  NaN      1.000000           1.000             1.0
31   within_full   5    0.1      10    500     1.000     0.000000         0                NaN                  NaN      1.000000           1.000             1.0
32   within_full   8    0.1      10    500     1.000     0.000000         0                NaN                  NaN      1.000000           1.000             1.0
33   within_full   9    0.1      10    500     0.902     0.013296       500      220127.319053        157478.145044      0.900000           0.902             1.0
34   within_full  10    0.1      10    500     0.900     0.013416       500      231019.171863        165343.568576      0.909091           0.900             1.0
35   within_full  12    0.1      10    500     0.926     0.011707       500      257843.325019        178399.490807      0.923077           0.926             1.0
36   within_full  15    0.1      10    500     0.948     0.009929       500      279600.543355        188892.392833      0.937500           0.948             1.0
37   within_full  17    0.1      10    500     0.956     0.009172       500      296627.913565        198130.923624      0.944444           0.956             1.0
38   within_full  20    0.1      10    500     0.910     0.012798       500      178092.603038        146397.696031      0.904762           0.910             1.0
39  within_plain   2    0.1      10    500     1.000     0.000000         0                NaN                  NaN      1.000000             NaN             NaN
40  within_plain   5    0.1      10    500     1.000     0.000000         0                NaN                  NaN      1.000000             NaN             NaN
41  within_plain   8    0.1      10    500     1.000     0.000000         0                NaN                  NaN      1.000000             NaN             NaN
42  within_plain   9    0.1      10    500     0.904     0.013175       500      228152.105508        165626.082314      0.900000             NaN             NaN
43  within_plain  10    0.1      10    500     0.912     0.012669       500      239337.845098        171947.435691      0.909091             NaN             NaN
44  within_plain  12    0.1      10    500     0.938     0.010785       500      268016.129002        188667.503960      0.923077             NaN             NaN
45  within_plain  15    0.1      10    500     0.950     0.009747       500      289986.458859        199930.699009      0.937500             NaN             NaN
46  within_plain  17    0.1      10    500     0.956     0.009172       500      307105.055445        206431.106432      0.944444             NaN             NaN
47  within_plain  20    0.1      10    500     0.916     0.012405       500      193365.210020        161893.807547      0.904762             NaN             NaN
