regcomp cell 1 regcomp|A|B2400|unit|nL4|m600 14s
regcomp cell 2 regcomp|A|B2400|unit|nL6|m400 29s
regcomp cell 3 regcomp|A|B2400|unit|nL8|m300 44s
regcomp cell 4 regcomp|A|B2400|unit|nL12|m200 60s
regcomp cell 5 regcomp|B|B2400|unit|nL25|mprop 109s
regcomp cell 6 regcomp|B|B2190.0|cd_cs_10_vs_A_nL4_B2400|nL25|mprop 156s
regcomp cell 7 regcomp|B|B2210.0|cd_cs_10_vs_A_nL6_B2400|nL25|mprop 202s
regcomp cell 8 regcomp|B|B2230.0|cd_cs_10_vs_A_nL8_B2400|nL25|mprop 249s
regcomp cell 9 regcomp|B|B2270.0|cd_cs_10_vs_A_nL12_B2400|nL25|mprop 296s
regcomp cell 10 regcomp|B|B300.0|cd_cs_100_vs_A_nL4_B2400|nL25|mprop 331s
regcomp cell 11 regcomp|B|B500.0|cd_cs_100_vs_A_nL6_B2400|nL25|mprop 367s
regcomp cell 12 regcomp|B|B700.0|cd_cs_100_vs_A_nL8_B2400|nL25|mprop 405s
regcomp cell 13 regcomp|B|B1100.0|cd_cs_100_vs_A_nL12_B2400|nL25|mprop 446s
regcomp cell 14 regcomp|A|B4800|unit|nL4|m1200 464s
regcomp cell 15 regcomp|A|B4800|unit|nL6|m800 483s
regcomp cell 16 regcomp|A|B4800|unit|nL8|m600 505s
regcomp cell 17 regcomp|A|B4800|unit|nL12|m400 529s
regcomp cell 18 regcomp|B|B4800|unit|nL25|mprop 591s
regcomp cell 19 regcomp|B|B4590.0|cd_cs_10_vs_A_nL4_B4800|nL25|mprop 652s
regcomp cell 20 regcomp|B|B4610.0|cd_cs_10_vs_A_nL6_B4800|nL25|mprop 713s
regcomp cell 21 regcomp|B|B4630.0|cd_cs_10_vs_A_nL8_B4800|nL25|mprop 775s
regcomp cell 22 regcomp|B|B4670.0|cd_cs_10_vs_A_nL12_B4800|nL25|mprop 836s
regcomp cell 23 regcomp|B|B2700.0|cd_cs_100_vs_A_nL4_B4800|nL25|mprop 885s
regcomp cell 24 regcomp|B|B2900.0|cd_cs_100_vs_A_nL6_B4800|nL25|mprop 934s
regcomp cell 25 regcomp|B|B3100.0|cd_cs_100_vs_A_nL8_B4800|nL25|mprop 984s
regcomp cell 26 regcomp|B|B3500.0|cd_cs_100_vs_A_nL12_B4800|nL25|mprop 1037s
regcomp cell 27 regcomp|A|B9600|unit|nL4|m2400 1057s
regcomp cell 28 regcomp|A|B9600|unit|nL6|m1600 1081s
regcomp cell 29 regcomp|A|B9600|unit|nL8|m1200 1111s
regcomp cell 30 regcomp|A|B9600|unit|nL12|m800 1148s
regcomp cell 31 regcomp|B|B9600|unit|nL25|mprop 1247s
regcomp cell 32 regcomp|B|B9390.0|cd_cs_10_vs_A_nL4_B9600|nL25|mprop 1344s
regcomp cell 33 regcomp|B|B9410.0|cd_cs_10_vs_A_nL6_B9600|nL25|mprop 1443s
regcomp cell 34 regcomp|B|B9430.0|cd_cs_10_vs_A_nL8_B9600|nL25|mprop 1541s
regcomp cell 35 regcomp|B|B9470.0|cd_cs_10_vs_A_nL12_B9600|nL25|mprop 1640s
regcomp cell 36 regcomp|B|B7500.0|cd_cs_100_vs_A_nL4_B9600|nL25|mprop 1726s
regcomp cell 37 regcomp|B|B7700.0|cd_cs_100_vs_A_nL6_B9600|nL25|mprop 1812s
regcomp cell 38 regcomp|B|B7900.0|cd_cs_100_vs_A_nL8_B9600|nL25|mprop 1899s
regcomp cell 39 regcomp|B|B8300.0|cd_cs_100_vs_A_nL12_B9600|nL25|mprop 1987s
part regcomp done 1989s
exit=0
